Microchip MPLAB XC8 Compiler V1.41 ()

Linker command line:

-W-3 --edf=C:\Program Files (x86)\Microchip\xc8\v1.41\dat\en_msgs.txt -cs \
  -h+dist/default/production\Lavadora.X.production.sym \
  --cmf=dist/default/production\Lavadora.X.production.cmf -z -Q16F877A \
  -oC:\Users\hermo\AppData\Local\Temp\seao.2 \
  -Mdist/default/production/Lavadora.X.production.map -E1 -ver=XC8 \
  -ASTACK=0110h-016fh -pstack=STACK -ACODE=00h-07FFhx4 -ASTRCODE=00h-01FFFh \
  -ASTRING=00h-0FFhx32 -ACONST=00h-0FFhx32 -AENTRY=00h-0FFhx32 \
  -ACOMMON=070h-07Fh -ABANK0=020h-06Fh -ABANK1=0A0h-0EFh \
  -ABANK2=0110h-016Fh -ABANK3=0190h-01EFh \
  -ARAM=020h-06Fh,0A0h-0EFh,0110h-016Fh,0190h-01EFh \
  -AABS1=020h-07Fh,0A0h-0EFh,0110h-016Fh,0190h-01EFh -ASFR0=00h-01Fh \
  -ASFR1=080h-09Fh -ASFR2=0100h-010Fh -ASFR3=0180h-018Fh \
  -preset_vec=00h,intentry,init,end_init -ppowerup=CODE -pcinit=CODE \
  -pfunctab=CODE -ACONFIG=02007h-02007h -pconfig=CONFIG -DCONFIG=2 \
  -AIDLOC=02000h-02003h -pidloc=IDLOC -DIDLOC=2 -AEEDATA=00h-0FFh/02100h \
  -peeprom_data=EEDATA -DEEDATA=2 -DCODE=2 -DSTRCODE=2 -DSTRING=2 -DCONST=2 \
  -DENTRY=2 -k C:\Users\hermo\AppData\Local\Temp\seao.obj \
  dist/default/production\Lavadora.X.production.obj 

Object code version is 3.11

Machine type is 16F877A



                Name                               Link     Load   Length Selector   Space Scale
C:\Users\hermo\AppData\Local\Temp\seao.obj
                end_init                              0        0        3        0       0
                config                             2007     2007        1     400E       0
dist/default/production\Lavadora.X.production.obj
                cinit                               7CF      7CF       31      F9E       0
                text28                             13F8     13F8        9     27F0       0
                text27                             1462     1462       29     28C4       0
                text26                             141D     141D       10     283A       0
                text25                                5        5       A2        A       0
                text24                              8CD      8CD       9F     119A       0
                text23                             1509     1509       48     2A12       0
                text22                             148B     148B       3C     2916       0
                text21                              802      802       32     1004       0
                text20                              BAC      BAC       E8     1758       0
                text19                             1663     1663       80     2CC6       0
                text18                              C94      C94      156     1928       0
                text17                              96C      96C       B5     12D8       0
                text16                             1771     1771       8F     2EE2       0
                text15                             1551     1551       4D     2AA2       0
                text14                             159E     159E       59     2B3C       0
                text13                             1441     1441       21     2882       0
                text12                             15F7     15F7       6C     2BEE       0
                text11                             14C7     14C7       42     298E       0
                text10                              A21      A21       B8     1442       0
                text9                               AD9      AD9       D3     15B2       0
                text8                              16E3     16E3       8E     2DC6       0
                text7                              142D     142D       14     285A       0
                text6                               834      834       99     1068       0
                text5                              1401     1401        E     2802       0
                text4                              140F     140F        E     281E       0
                text3                                A7       A7      261      14E       0
                text2                               308      308      261      610       0
                text1                               DEA      DEA      216     1BD4       0
                maintext                            569      569      266      AD2       0
                cstackBANK0                          20       20       40       20       1
                cstackCOMMON                         70       70        E       70       1
                cstackBANK1                          A0       A0       1A       A0       1
                clrtext                            13F0     13F0        8     27E0       0
                dataBANK1                            CE       CE        1       A0       1
                bssBANK1                             BA       BA       14       A0       1
                dataBANK0                            64       64        4       20       1
                bssBANK0                             60       60        4       20       1
                stringtext                         1000     1000      160       20       0
                idataBANK1                            4        4        1        8       0
                idataBANK0                         13EC     13EC        4     27D8       0

TOTAL           Name                               Link     Load   Length     Space
        CLASS   STACK          

        CLASS   CODE           
                end_init                              0        0        3         0
                cinit                               7CF      7CF       31         0
                text28                             13F8     13F8        9         0
                text27                             1462     1462       29         0
                text26                             141D     141D       10         0
                text25                                5        5       A2         0
                text24                              8CD      8CD       9F         0
                text23                             1509     1509       48         0
                text22                             148B     148B       3C         0
                text21                              802      802       32         0
                text20                              BAC      BAC       E8         0
                text19                             1663     1663       80         0
                text18                              C94      C94      156         0
                text17                              96C      96C       B5         0
                text16                             1771     1771       8F         0
                text15                             1551     1551       4D         0
                text14                             159E     159E       59         0
                text13                             1441     1441       21         0
                text12                             15F7     15F7       6C         0
                text11                             14C7     14C7       42         0
                text10                              A21      A21       B8         0
                text9                               AD9      AD9       D3         0
                text8                              16E3     16E3       8E         0
                text7                              142D     142D       14         0
                text6                               834      834       99         0
                text5                              1401     1401        E         0
                text4                              140F     140F        E         0
                text3                                A7       A7      261         0
                text2                               308      308      261         0
                text1                               DEA      DEA      216         0
                maintext                            569      569      266         0
                clrtext                            13F0     13F0        8         0
                idataBANK1                            4        4        1         0
                idataBANK0                         13EC     13EC        4         0

        CLASS   STRCODE        
                stringtext                         1000     1000      160         0

        CLASS   STRING         

        CLASS   CONST          

        CLASS   ENTRY          

        CLASS   COMMON         
                cstackCOMMON                         70       70        E         1

        CLASS   BANK0          
                cstackBANK0                          20       20       40         1
                dataBANK0                            64       64        4         1
                bssBANK0                             60       60        4         1

        CLASS   BANK1          
                cstackBANK1                          A0       A0       1A         1
                dataBANK1                            CE       CE        1         1
                bssBANK1                             BA       BA       14         1

        CLASS   BANK2          

        CLASS   BANK3          

        CLASS   RAM            

        CLASS   ABS1           
                abs_s1                               7E       7E        2         1

        CLASS   SFR0           

        CLASS   SFR1           

        CLASS   SFR2           

        CLASS   SFR3           

        CLASS   CONFIG         
                config                             2007     2007        1         0

        CLASS   IDLOC          

        CLASS   EEDATA         



SEGMENTS        Name                           Load    Length   Top    Selector   Space  Class     Delta

                reset_vec                      000000  000003  000003         0       0  CODE        2
                idataBANK1                     000004  000001  000005         8       0  CODE        2
                text25                         000005  0000A2  0000A7         A       0  CODE        2
                cstackBANK0                    000020  000048  000068        20       1  BANK0       1
                cstackCOMMON                   000070  00000E  00007E        70       1  COMMON      1
                cstackBANK1                    0000A0  00002F  0000CF        A0       1  BANK1       1
                text3                          0000A7  000261  000308       14E       0  CODE        2
                text2                          000308  000261  000569       610       0  CODE        2
                maintext                       000569  000266  0007CF       AD2       0  CODE        2
                cinit                          0007CF  000031  000800       F9E       0  CODE        2
                text21                         000802  000032  000834      1004       0  CODE        2
                text6                          000834  000099  0008CD      1068       0  CODE        2
                text24                         0008CD  00009F  00096C      119A       0  CODE        2
                text17                         00096C  0000B5  000A21      12D8       0  CODE        2
                text10                         000A21  0000B8  000AD9      1442       0  CODE        2
                text9                          000AD9  0000D3  000BAC      15B2       0  CODE        2
                text20                         000BAC  0000E8  000C94      1758       0  CODE        2
                text18                         000C94  000156  000DEA      1928       0  CODE        2
                text1                          000DEA  000216  001000      1BD4       0  CODE        2
                stringtext                     001000  000160  001160        20       0  STRCODE     2
                idataBANK0                     0013EC  000004  0013F0      27D8       0  CODE        2
                clrtext                        0013F0  000008  0013F8      27E0       0  CODE        2
                text28                         0013F8  000009  001401      27F0       0  CODE        2
                text5                          001401  00000E  00140F      2802       0  CODE        2
                text4                          00140F  00000E  00141D      281E       0  CODE        2
                text26                         00141D  000010  00142D      283A       0  CODE        2
                text7                          00142D  000014  001441      285A       0  CODE        2
                text13                         001441  000021  001462      2882       0  CODE        2
                text27                         001462  000029  00148B      28C4       0  CODE        2
                text22                         00148B  00003C  0014C7      2916       0  CODE        2
                text11                         0014C7  000042  001509      298E       0  CODE        2
                text23                         001509  000048  001551      2A12       0  CODE        2
                text15                         001551  00004D  00159E      2AA2       0  CODE        2
                text14                         00159E  000059  0015F7      2B3C       0  CODE        2
                text12                         0015F7  00006C  001663      2BEE       0  CODE        2
                text19                         001663  000080  0016E3      2CC6       0  CODE        2
                text8                          0016E3  00008E  001771      2DC6       0  CODE        2
                text16                         001771  00008F  001800      2EE2       0  CODE        2
                config                         002007  000001  002008      400E       0  CONFIG      2


UNUSED ADDRESS RANGES

        Name                Unused          Largest block    Delta
        BANK0            0068-006F              8           1
        BANK1            00CF-00EF             21           1
        BANK2            0110-016F             60           1
        BANK3            0190-01EF             60           1
        CODE             0003-0003              1           2
                         0800-0801              2
                         1160-13EB            28C
                         1800-1FFF            800
        CONST            0003-0003              1           2
                         0800-0801              2
                         1160-13EB            100
                         1800-1FFF            100
        EEDATA           2100-21FF            100           2
        ENTRY            0003-0003              1           2
                         0800-0801              2
                         1160-13EB            100
                         1800-1FFF            100
        IDLOC            2000-2003              4           2
        RAM              0068-006F              8           1
                         00CF-00EF             21
                         0110-016F             60
                         0190-01EF             60
        SFR0             0000-001F             20           1
        SFR1             0080-009F             20           1
        SFR2             0100-010F             10           1
        SFR3             0180-018F             10           1
        STACK            0110-016F             60           1
        STRCODE          0003-0003              1           2
                         0800-0801              2
                         1160-13EB            28C
                         1800-1FFF            800
        STRING           0003-0003              1           2
                         0800-0801              2
                         1160-13EB            100
                         1800-1FFF            100

                                  Symbol Table

?_ADC_Read                      cstackCOMMON 0070
?___aldiv                       cstackCOMMON 0070
?___altoft                      cstackBANK0  0026
?___awdiv                       cstackCOMMON 0070
?___ftdiv                       cstackBANK0  0020
?___ftmul                       cstackBANK0  0030
?___ftpack                      cstackCOMMON 0070
?___fttol                       cstackBANK0  0040
?___lwdiv                       cstackCOMMON 0070
?___lwmod                       cstackCOMMON 0078
?___lwtoft                      cstackCOMMON 0078
?___wmul                        cstackCOMMON 0070
?_sprintf                       cstackBANK0  0020
ADC_Read@channel                cstackCOMMON 0074
ImprimirMenuLavado@aux          cstackBANK0  0034
ImprimirMenuLavado@casilla      cstackBANK0  0032
ImprimirMenuPrincipal@casilla   cstackCOMMON 0079
Lcd_CharCP@c                    cstackCOMMON 0072
Lcd_Command@command             cstackCOMMON 0072
Lcd_Init@data                   cstackCOMMON 0075
Lcd_Text@buffer                 cstackCOMMON 0074
Lcd_Text@data                   cstackCOMMON 0078
Lcd_Text@x                      cstackCOMMON 0073
Lcd_Text@y                      cstackCOMMON 0077
PWM_Duty@duty                   cstackBANK0  004E
_ADCON0                         (abs)        001F
_ADCON0bits                     (abs)        001F
_ADCON1                         (abs)        009F
_ADCON1bits                     (abs)        009F
_ADC_Initialize                 text28       13F8
_ADC_Read                       text27       1462
_ADRESH                         (abs)        001E
_ADRESL                         (abs)        009E
_CCP1CON                        (abs)        0017
_CCP1M2                         (abs)        00BA
_CCP1M3                         (abs)        00BB
_CCP1X                          (abs)        00BD
_CCP1Y                          (abs)        00BC
_CCPR1L                         (abs)        0015
_Digital_Initialize             text26       141D
_GO_nDONE                       (abs)        00FA
_ImprimirMenuLavado             text19       1663
_ImprimirMenuPrincipal          text18       0C94
_Lcd_CharCP                     text25       0005
_Lcd_Command                    text24       08CD
_Lcd_Init                       text17       096C
_Lcd_Text                       text23       1509
_PORTAbits                      (abs)        0005
_PORTBbits                      (abs)        0006
_PORTCbits                      (abs)        0007
_PORTDbits                      (abs)        0008
_PR2                            (abs)        0092
_PWM_Duty                       text6        0834
_PWM_Initialize                 text15       1551
_PWM_freq                       dataBANK0    0064
_T2CKPS0                        (abs)        0090
_T2CKPS1                        (abs)        0091
_TMR2ON                         (abs)        0092
_TRISAbits                      (abs)        0085
_TRISBbits                      (abs)        0086
_TRISC                          (abs)        0087
_TRISC2                         (abs)        043A
_TRISCbits                      (abs)        0087
_TRISDbits                      (abs)        0088
__CFG_BOREN$OFF                 (abs)        0000
__CFG_CP$OFF                    (abs)        0000
__CFG_CPD$OFF                   (abs)        0000
__CFG_FOSC$XT                   (abs)        0000
__CFG_LVP$ON                    (abs)        0000
__CFG_PWRTE$ON                  (abs)        0000
__CFG_WDTE$OFF                  (abs)        0000
__CFG_WRT$OFF                   (abs)        0000
__Habs1                         abs1         0000
__Hbank0                        bank0        0000
__Hbank1                        bank1        0000
__Hbank2                        bank2        0000
__Hbank3                        bank3        0000
__HbssBANK0                     bssBANK0     0000
__HbssBANK1                     bssBANK1     0000
__Hcinit                        cinit        0800
__Hclrtext                      clrtext      0000
__Hcode                         code         0000
__Hcommon                       common       0000
__Hconfig                       config       2008
__HcstackBANK0                  cstackBANK0  0000
__HcstackBANK1                  cstackBANK1  0000
__HcstackCOMMON                 cstackCOMMON 0000
__HdataBANK0                    dataBANK0    0000
__HdataBANK1                    dataBANK1    0000
__Heeprom_data                  eeprom_data  0000
__Hend_init                     end_init     0003
__Hfunctab                      functab      0000
__HidataBANK0                   idataBANK0   0000
__HidataBANK1                   idataBANK1   0000
__Hidloc                        idloc        0000
__Hinit                         init         0000
__Hintentry                     intentry     0000
__Hmaintext                     maintext     0000
__Hpowerup                      powerup      0000
__Hram                          ram          0000
__Hreset_vec                    reset_vec    0000
__Hsfr0                         sfr0         0000
__Hsfr1                         sfr1         0000
__Hsfr2                         sfr2         0000
__Hsfr3                         sfr3         0000
__Hspace_0                      (abs)        2008
__Hspace_1                      (abs)        00CF
__Hspace_2                      (abs)        0000
__Hspace_3                      (abs)        0000
__Hstack                        stack        0000
__Hstrings                      strings      0000
__Hstringtext                   stringtext   0000
__Htext                         text         0000
__Labs1                         abs1         0000
__Lbank0                        bank0        0000
__Lbank1                        bank1        0000
__Lbank2                        bank2        0000
__Lbank3                        bank3        0000
__LbssBANK0                     bssBANK0     0000
__LbssBANK1                     bssBANK1     0000
__Lcinit                        cinit        07CF
__Lclrtext                      clrtext      0000
__Lcode                         code         0000
__Lcommon                       common       0000
__Lconfig                       config       2007
__LcstackBANK0                  cstackBANK0  0000
__LcstackBANK1                  cstackBANK1  0000
__LcstackCOMMON                 cstackCOMMON 0000
__LdataBANK0                    dataBANK0    0000
__LdataBANK1                    dataBANK1    0000
__Leeprom_data                  eeprom_data  0000
__Lend_init                     end_init     0000
__Lfunctab                      functab      0000
__LidataBANK0                   idataBANK0   0000
__LidataBANK1                   idataBANK1   0000
__Lidloc                        idloc        0000
__Linit                         init         0000
__Lintentry                     intentry     0000
__Lmaintext                     maintext     0000
__Lpowerup                      powerup      0000
__Lram                          ram          0000
__Lreset_vec                    reset_vec    0000
__Lsfr0                         sfr0         0000
__Lsfr1                         sfr1         0000
__Lsfr2                         sfr2         0000
__Lsfr3                         sfr3         0000
__Lspace_0                      (abs)        0000
__Lspace_1                      (abs)        0000
__Lspace_2                      (abs)        0000
__Lspace_3                      (abs)        0000
__Lstack                        stack        0000
__Lstrings                      strings      0000
__Lstringtext                   stringtext   0000
__Ltext                         text         0000
__S0                            (abs)        2008
__S1                            (abs)        00CF
__S2                            (abs)        0000
__S3                            (abs)        0000
___aldiv                        text16       1771
___aldiv@counter                cstackBANK0  0020
___aldiv@dividend               cstackCOMMON 0074
___aldiv@divisor                cstackCOMMON 0070
___aldiv@quotient               cstackBANK0  0022
___aldiv@sign                   cstackBANK0  0021
___altoft                       text11       14C7
___altoft@c                     cstackBANK0  0026
___altoft@exp                   cstackCOMMON 007B
___altoft@sign                  cstackCOMMON 007C
___awdiv                        text14       159E
___awdiv@counter                cstackCOMMON 0075
___awdiv@dividend               cstackCOMMON 0072
___awdiv@divisor                cstackCOMMON 0070
___awdiv@quotient               cstackCOMMON 0077
___awdiv@sign                   cstackCOMMON 0076
___ftdiv                        text10       0A21
___ftdiv@cntr                   cstackBANK0  002A
___ftdiv@exp                    cstackBANK0  002E
___ftdiv@f1                     cstackBANK0  0023
___ftdiv@f2                     cstackBANK0  0020
___ftdiv@f3                     cstackBANK0  002B
___ftdiv@sign                   cstackBANK0  002F
___ftmul                        text9        0AD9
___ftmul@cntr                   cstackBANK0  003E
___ftmul@exp                    cstackBANK0  003A
___ftmul@f1                     cstackBANK0  0030
___ftmul@f2                     cstackBANK0  0033
___ftmul@f3_as_product          cstackBANK0  003B
___ftmul@sign                   cstackBANK0  003F
___ftpack                       text12       15F7
___ftpack@arg                   cstackCOMMON 0070
___ftpack@exp                   cstackCOMMON 0073
___ftpack@sign                  cstackCOMMON 0074
___fttol                        text8        16E3
___fttol@exp1                   cstackBANK0  004D
___fttol@f1                     cstackBANK0  0040
___fttol@lval                   cstackBANK0  0049
___fttol@sign1                  cstackBANK0  0048
___int_sp                       stack        0000
___latbits                      (abs)        0002
___lwdiv                        text22       148B
___lwdiv@counter                cstackCOMMON 0077
___lwdiv@dividend               cstackCOMMON 0072
___lwdiv@divisor                cstackCOMMON 0070
___lwdiv@quotient               cstackCOMMON 0075
___lwmod                        text21       0802
___lwmod@counter                cstackCOMMON 007D
___lwmod@dividend               cstackCOMMON 007A
___lwmod@divisor                cstackCOMMON 0078
___lwtoft                       text7        142D
___lwtoft@c                     cstackCOMMON 0078
___sp                           stack        0000
___wmul                         text13       1441
___wmul@multiplicand            cstackCOMMON 0072
___wmul@multiplier              cstackCOMMON 0070
___wmul@product                 cstackCOMMON 0074
__end_of_ADC_Initialize         text28       1401
__end_of_ADC_Read               text27       148B
__end_of_Digital_Initialize     text26       142D
__end_of_ImprimirMenuLavado     text19       16E3
__end_of_ImprimirMenuPrincipal  text18       0DEA
__end_of_Lcd_CharCP             text25       00A7
__end_of_Lcd_Command            text24       096C
__end_of_Lcd_Init               text17       0A21
__end_of_Lcd_Text               text23       1551
__end_of_PWM_Duty               text6        08CD
__end_of_PWM_Initialize         text15       159E
__end_of___aldiv                text16       1800
__end_of___altoft               text11       1509
__end_of___awdiv                text14       15F7
__end_of___ftdiv                text10       0AD9
__end_of___ftmul                text9        0BAC
__end_of___ftpack               text12       1663
__end_of___fttol                text8        1771
__end_of___lwdiv                text22       14C7
__end_of___lwmod                text21       0834
__end_of___lwtoft               text7        1441
__end_of___wmul                 text13       1462
__end_of__initialization        cinit        07FC
__end_of__stringtab             stringtext   1012
__end_of_dpowers                stringtext   101C
__end_of_lavadoDelicado         text3        0308
__end_of_lavadoLento            text2        0569
__end_of_lavadoRapido           text1        1000
__end_of_main                   maintext     07CF
__end_of_normal                 text5        140F
__end_of_reversa                text4        141D
__end_of_sprintf                text20       0C94
__initialization                cinit        07CF
__pbssBANK0                     bssBANK0     0060
__pbssBANK1                     bssBANK1     00BA
__pcstackBANK0                  cstackBANK0  0020
__pcstackBANK1                  cstackBANK1  00A0
__pcstackCOMMON                 cstackCOMMON 0070
__pdataBANK0                    dataBANK0    0064
__pdataBANK1                    dataBANK1    00CE
__pidataBANK0                   idataBANK0   13EC
__pidataBANK1                   idataBANK1   0004
__pmaintext                     maintext     0569
__pstringtext                   stringtext   1000
__ptext1                        text1        0DEA
__ptext10                       text10       0A21
__ptext11                       text11       14C7
__ptext12                       text12       15F7
__ptext13                       text13       1441
__ptext14                       text14       159E
__ptext15                       text15       1551
__ptext16                       text16       1771
__ptext17                       text17       096C
__ptext18                       text18       0C94
__ptext19                       text19       1663
__ptext2                        text2        0308
__ptext20                       text20       0BAC
__ptext21                       text21       0802
__ptext22                       text22       148B
__ptext23                       text23       1509
__ptext24                       text24       08CD
__ptext25                       text25       0005
__ptext26                       text26       141D
__ptext27                       text27       1462
__ptext28                       text28       13F8
__ptext3                        text3        00A7
__ptext4                        text4        140F
__ptext5                        text5        1401
__ptext6                        text6        0834
__ptext7                        text7        142D
__ptext8                        text8        16E3
__ptext9                        text9        0AD9
__size_of_ADC_Initialize        (abs)        0000
__size_of_ADC_Read              (abs)        0000
__size_of_Digital_Initialize    (abs)        0000
__size_of_ImprimirMenuLavado    (abs)        0000
__size_of_ImprimirMenuPrincipal (abs)        0000
__size_of_Lcd_CharCP            (abs)        0000
__size_of_Lcd_Command           (abs)        0000
__size_of_Lcd_Init              (abs)        0000
__size_of_Lcd_Text              (abs)        0000
__size_of_PWM_Duty              (abs)        0000
__size_of_PWM_Initialize        (abs)        0000
__size_of___aldiv               (abs)        0000
__size_of___altoft              (abs)        0000
__size_of___awdiv               (abs)        0000
__size_of___ftdiv               (abs)        0000
__size_of___ftmul               (abs)        0000
__size_of___ftpack              (abs)        0000
__size_of___fttol               (abs)        0000
__size_of___lwdiv               (abs)        0000
__size_of___lwmod               (abs)        0000
__size_of___lwtoft              (abs)        0000
__size_of___wmul                (abs)        0000
__size_of_lavadoDelicado        (abs)        0000
__size_of_lavadoLento           (abs)        0000
__size_of_lavadoRapido          (abs)        0000
__size_of_main                  (abs)        0000
__size_of_normal                (abs)        0000
__size_of_reversa               (abs)        0000
__size_of_sprintf               (abs)        0000
__stringbase                    stringtext   1012
__stringtab                     stringtext   1000
_aux                            bssBANK1     00BA
_dpowers                        stringtext   1012
_estado                         dataBANK1    00CE
_lavadoDelicado                 text3        00A7
_lavadoLento                    text2        0308
_lavadoRapido                   text1        0DEA
_main                           maintext     0569
_minutAux                       bssBANK0     0060
_normal                         text5        1401
_reversa                        text4        140F
_sprintf                        text20       0BAC
_tiempo                         bssBANK0     0062
btemp                           (abs)        007E
clear_ram0                      clrtext      13F0
end_of_initialization           cinit        07FC
intlevel0                       functab      0000
intlevel1                       functab      0000
intlevel2                       functab      0000
intlevel3                       functab      0000
intlevel4                       functab      0000
intlevel5                       functab      0000
lavadoDelicado@i                cstackBANK0  005B
lavadoDelicado@i_389            cstackBANK0  0059
lavadoLento@i                   cstackBANK0  005B
lavadoLento@i_373               cstackBANK0  0059
lavadoRapido@i                  cstackBANK0  005B
lavadoRapido@i_357              cstackBANK0  0059
main@adc                        cstackBANK1  00B4
main@aux                        cstackBANK1  00A0
main@op                         cstackBANK1  00B6
main@opcionPrincipal            cstackBANK1  00B8
normal@pwm                      cstackBANK0  0054
reset_vec                       reset_vec    0000
reversa@pwm                     cstackBANK0  0054
sprintf@ap                      cstackBANK0  002B
sprintf@c                       cstackBANK0  0031
sprintf@f                       cstackBANK0  0020
sprintf@flag                    cstackBANK0  002C
sprintf@prec                    cstackBANK0  002D
sprintf@sp                      cstackBANK0  0030
sprintf@val                     cstackBANK0  002E
stackhi                         (abs)        0000
stacklo                         (abs)        0000
start                           init         0000
start_initialization            cinit        07CF
wtemp0                          (abs)        007E


FUNCTION INFORMATION:

 *************** function _main *****************
 Defined at:
		line 47 in file "main.c"
 Parameters:    Size  Location     Type
		None
 Auto vars:     Size  Location     Type
  adc             2   20[BANK1 ] int 
  aux            20    0[BANK1 ] unsigned char [20]
  opcionPrinci    2   24[BANK1 ] int 
  op              2   22[BANK1 ] int 
 Return value:  Size  Location     Type
                  2   96[None  ] int 
 Registers used:
		wreg, fsr0l, fsr0h, status,2, status,0, btemp+1, pclath, cstack
 Tracked objects:
		On entry : 
		On exit  : 
		Unchanged: 
 Data sizes:     COMMON   BANK0   BANK1   BANK3   BANK2
      Params:         0       0       0       0       0
      Locals:         0       0      26       0       0
      Temps:          0       3       0       0       0
      Totals:         0       3      26       0       0
Total ram usage:       29 bytes
 Hardware stack levels required when called:    5
 This function calls:
		_ADC_Initialize
		_ADC_Read
		_Digital_Initialize
		_ImprimirMenuLavado
		_ImprimirMenuPrincipal
		_Lcd_Command
		_Lcd_Init
		_Lcd_Text
		_PWM_Duty
		_PWM_Initialize
		_lavadoDelicado
		_lavadoLento
		_lavadoRapido
		_sprintf
 This function is called by:
		Startup code after reset
 This function uses a non-reentrant model


 *************** function _lavadoRapido *****************
 Defined at:
		line 161 in file "main.c"
 Parameters:    Size  Location     Type
		None
 Auto vars:     Size  Location     Type
  i               2   57[BANK0 ] int 
  i               2   59[BANK0 ] int 
 Return value:  Size  Location     Type
                  1    wreg      void 
 Registers used:
		wreg, fsr0l, fsr0h, status,2, status,0, btemp+1, pclath, cstack
 Tracked objects:
		On entry : 
		On exit  : 
		Unchanged: 
 Data sizes:     COMMON   BANK0   BANK1   BANK3   BANK2
      Params:         0       0       0       0       0
      Locals:         0       4       0       0       0
      Temps:          0       3       0       0       0
      Totals:         0       7       0       0       0
Total ram usage:        7 bytes
 Hardware stack levels used:    1
 Hardware stack levels required when called:    4
 This function calls:
		_Lcd_Command
		_Lcd_Text
		___awdiv
		___wmul
		_normal
		_reversa
		_sprintf
 This function is called by:
		_main
 This function uses a non-reentrant model


 *************** function _lavadoLento *****************
 Defined at:
		line 226 in file "main.c"
 Parameters:    Size  Location     Type
		None
 Auto vars:     Size  Location     Type
  i               2   57[BANK0 ] int 
  i               2   59[BANK0 ] int 
 Return value:  Size  Location     Type
                  1    wreg      void 
 Registers used:
		wreg, fsr0l, fsr0h, status,2, status,0, btemp+1, pclath, cstack
 Tracked objects:
		On entry : 
		On exit  : 
		Unchanged: 
 Data sizes:     COMMON   BANK0   BANK1   BANK3   BANK2
      Params:         0       0       0       0       0
      Locals:         0       4       0       0       0
      Temps:          0       3       0       0       0
      Totals:         0       7       0       0       0
Total ram usage:        7 bytes
 Hardware stack levels used:    1
 Hardware stack levels required when called:    4
 This function calls:
		_Lcd_Command
		_Lcd_Text
		___awdiv
		___wmul
		_normal
		_reversa
		_sprintf
 This function is called by:
		_main
 This function uses a non-reentrant model


 *************** function _lavadoDelicado *****************
 Defined at:
		line 296 in file "main.c"
 Parameters:    Size  Location     Type
		None
 Auto vars:     Size  Location     Type
  i               2   57[BANK0 ] int 
  i               2   59[BANK0 ] int 
 Return value:  Size  Location     Type
                  1    wreg      void 
 Registers used:
		wreg, fsr0l, fsr0h, status,2, status,0, btemp+1, pclath, cstack
 Tracked objects:
		On entry : 
		On exit  : 
		Unchanged: 
 Data sizes:     COMMON   BANK0   BANK1   BANK3   BANK2
      Params:         0       0       0       0       0
      Locals:         0       4       0       0       0
      Temps:          0       3       0       0       0
      Totals:         0       7       0       0       0
Total ram usage:        7 bytes
 Hardware stack levels used:    1
 Hardware stack levels required when called:    4
 This function calls:
		_Lcd_Command
		_Lcd_Text
		___awdiv
		___wmul
		_normal
		_reversa
		_sprintf
 This function is called by:
		_main
 This function uses a non-reentrant model


 *************** function _reversa *****************
 Defined at:
		line 366 in file "main.c"
 Parameters:    Size  Location     Type
  pwm             2   52[BANK0 ] int 
 Auto vars:     Size  Location     Type
		None
 Return value:  Size  Location     Type
                  1    wreg      void 
 Registers used:
		wreg, status,2, status,0, pclath, cstack
 Tracked objects:
		On entry : 
		On exit  : 
		Unchanged: 
 Data sizes:     COMMON   BANK0   BANK1   BANK3   BANK2
      Params:         0       2       0       0       0
      Locals:         0       0       0       0       0
      Temps:          0       0       0       0       0
      Totals:         0       2       0       0       0
Total ram usage:        2 bytes
 Hardware stack levels used:    1
 Hardware stack levels required when called:    3
 This function calls:
		_PWM_Duty
 This function is called by:
		_lavadoRapido
		_lavadoLento
		_lavadoDelicado
 This function uses a non-reentrant model


 *************** function _normal *****************
 Defined at:
		line 372 in file "main.c"
 Parameters:    Size  Location     Type
  pwm             2   52[BANK0 ] int 
 Auto vars:     Size  Location     Type
		None
 Return value:  Size  Location     Type
                  1    wreg      void 
 Registers used:
		wreg, status,2, status,0, pclath, cstack
 Tracked objects:
		On entry : 
		On exit  : 
		Unchanged: 
 Data sizes:     COMMON   BANK0   BANK1   BANK3   BANK2
      Params:         0       2       0       0       0
      Locals:         0       0       0       0       0
      Temps:          0       0       0       0       0
      Totals:         0       2       0       0       0
Total ram usage:        2 bytes
 Hardware stack levels used:    1
 Hardware stack levels required when called:    3
 This function calls:
		_PWM_Duty
 This function is called by:
		_lavadoRapido
		_lavadoLento
		_lavadoDelicado
 This function uses a non-reentrant model


 *************** function _PWM_Duty *****************
 Defined at:
		line 430 in file "main.c"
 Parameters:    Size  Location     Type
  duty            2   46[BANK0 ] unsigned int 
 Auto vars:     Size  Location     Type
		None
 Return value:  Size  Location     Type
                  1    wreg      void 
 Registers used:
		wreg, status,2, status,0, pclath, cstack
 Tracked objects:
		On entry : 
		On exit  : 
		Unchanged: 
 Data sizes:     COMMON   BANK0   BANK1   BANK3   BANK2
      Params:         0       2       0       0       0
      Locals:         0       0       0       0       0
      Temps:          0       4       0       0       0
      Totals:         0       6       0       0       0
Total ram usage:        6 bytes
 Hardware stack levels used:    1
 Hardware stack levels required when called:    2
 This function calls:
		___aldiv
		___altoft
		___ftdiv
		___ftmul
		___fttol
		___lwtoft
 This function is called by:
		_main
		_reversa
		_normal
 This function uses a non-reentrant model


 *************** function ___lwtoft *****************
 Defined at:
		line 28 in file "C:\Program Files (x86)\Microchip\xc8\v1.41\sources\common\lwtoft.c"
 Parameters:    Size  Location     Type
  c               2    8[COMMON] unsigned int 
 Auto vars:     Size  Location     Type
		None
 Return value:  Size  Location     Type
                  3    8[COMMON] float 
 Registers used:
		wreg, status,2, status,0, pclath, cstack
 Tracked objects:
		On entry : 
		On exit  : 
		Unchanged: 
 Data sizes:     COMMON   BANK0   BANK1   BANK3   BANK2
      Params:         3       0       0       0       0
      Locals:         0       0       0       0       0
      Temps:          1       0       0       0       0
      Totals:         4       0       0       0       0
Total ram usage:        4 bytes
 Hardware stack levels used:    1
 Hardware stack levels required when called:    1
 This function calls:
		___ftpack
 This function is called by:
		_PWM_Duty
 This function uses a non-reentrant model


 *************** function ___fttol *****************
 Defined at:
		line 44 in file "C:\Program Files (x86)\Microchip\xc8\v1.41\sources\common\fttol.c"
 Parameters:    Size  Location     Type
  f1              3   32[BANK0 ] float 
 Auto vars:     Size  Location     Type
  lval            4   41[BANK0 ] unsigned long 
  exp1            1   45[BANK0 ] unsigned char 
  sign1           1   40[BANK0 ] unsigned char 
 Return value:  Size  Location     Type
                  4   32[BANK0 ] long 
 Registers used:
		wreg, status,2, status,0
 Tracked objects:
		On entry : 
		On exit  : 
		Unchanged: 
 Data sizes:     COMMON   BANK0   BANK1   BANK3   BANK2
      Params:         0       4       0       0       0
      Locals:         0       6       0       0       0
      Temps:          0       4       0       0       0
      Totals:         0      14       0       0       0
Total ram usage:       14 bytes
 Hardware stack levels used:    1
 This function calls:
		Nothing
 This function is called by:
		_PWM_Duty
 This function uses a non-reentrant model


 *************** function ___ftmul *****************
 Defined at:
		line 62 in file "C:\Program Files (x86)\Microchip\xc8\v1.41\sources\common\ftmul.c"
 Parameters:    Size  Location     Type
  f1              3   16[BANK0 ] float 
  f2              3   19[BANK0 ] float 
 Auto vars:     Size  Location     Type
  f3_as_produc    3   27[BANK0 ] unsigned um
  sign            1   31[BANK0 ] unsigned char 
  cntr            1   30[BANK0 ] unsigned char 
  exp             1   26[BANK0 ] unsigned char 
 Return value:  Size  Location     Type
                  3   16[BANK0 ] float 
 Registers used:
		wreg, status,2, status,0, pclath, cstack
 Tracked objects:
		On entry : 
		On exit  : 
		Unchanged: 
 Data sizes:     COMMON   BANK0   BANK1   BANK3   BANK2
      Params:         0       6       0       0       0
      Locals:         0       6       0       0       0
      Temps:          0       4       0       0       0
      Totals:         0      16       0       0       0
Total ram usage:       16 bytes
 Hardware stack levels used:    1
 Hardware stack levels required when called:    1
 This function calls:
		___ftpack
 This function is called by:
		_PWM_Duty
 This function uses a non-reentrant model


 *************** function ___ftdiv *****************
 Defined at:
		line 56 in file "C:\Program Files (x86)\Microchip\xc8\v1.41\sources\common\ftdiv.c"
 Parameters:    Size  Location     Type
  f2              3    0[BANK0 ] float 
  f1              3    3[BANK0 ] float 
 Auto vars:     Size  Location     Type
  f3              3   11[BANK0 ] float 
  sign            1   15[BANK0 ] unsigned char 
  exp             1   14[BANK0 ] unsigned char 
  cntr            1   10[BANK0 ] unsigned char 
 Return value:  Size  Location     Type
                  3    0[BANK0 ] float 
 Registers used:
		wreg, status,2, status,0, pclath, cstack
 Tracked objects:
		On entry : 
		On exit  : 
		Unchanged: 
 Data sizes:     COMMON   BANK0   BANK1   BANK3   BANK2
      Params:         0       6       0       0       0
      Locals:         0       6       0       0       0
      Temps:          0       4       0       0       0
      Totals:         0      16       0       0       0
Total ram usage:       16 bytes
 Hardware stack levels used:    1
 Hardware stack levels required when called:    1
 This function calls:
		___ftpack
 This function is called by:
		_PWM_Duty
 This function uses a non-reentrant model


 *************** function ___altoft *****************
 Defined at:
		line 42 in file "C:\Program Files (x86)\Microchip\xc8\v1.41\sources\common\altoft.c"
 Parameters:    Size  Location     Type
  c               4    6[BANK0 ] long 
 Auto vars:     Size  Location     Type
  sign            1   12[COMMON] unsigned char 
  exp             1   11[COMMON] unsigned char 
 Return value:  Size  Location     Type
                  3    6[BANK0 ] float 
 Registers used:
		wreg, status,2, status,0, pclath, cstack
 Tracked objects:
		On entry : 
		On exit  : 
		Unchanged: 
 Data sizes:     COMMON   BANK0   BANK1   BANK3   BANK2
      Params:         0       4       0       0       0
      Locals:         2       0       0       0       0
      Temps:          2       0       0       0       0
      Totals:         4       4       0       0       0
Total ram usage:        8 bytes
 Hardware stack levels used:    1
 Hardware stack levels required when called:    1
 This function calls:
		___ftpack
 This function is called by:
		_PWM_Duty
 This function uses a non-reentrant model


 *************** function ___ftpack *****************
 Defined at:
		line 62 in file "C:\Program Files (x86)\Microchip\xc8\v1.41\sources\common\float.c"
 Parameters:    Size  Location     Type
  arg             3    0[COMMON] unsigned um
  exp             1    3[COMMON] unsigned char 
  sign            1    4[COMMON] unsigned char 
 Auto vars:     Size  Location     Type
		None
 Return value:  Size  Location     Type
                  3    0[COMMON] float 
 Registers used:
		wreg, status,2, status,0
 Tracked objects:
		On entry : 
		On exit  : 
		Unchanged: 
 Data sizes:     COMMON   BANK0   BANK1   BANK3   BANK2
      Params:         5       0       0       0       0
      Locals:         0       0       0       0       0
      Temps:          3       0       0       0       0
      Totals:         8       0       0       0       0
Total ram usage:        8 bytes
 Hardware stack levels used:    1
 This function calls:
		Nothing
 This function is called by:
		___altoft
		___ftdiv
		___ftmul
		___lwtoft
 This function uses a non-reentrant model


 *************** function ___wmul *****************
 Defined at:
		line 15 in file "C:\Program Files (x86)\Microchip\xc8\v1.41\sources\common\Umul16.c"
 Parameters:    Size  Location     Type
  multiplier      2    0[COMMON] unsigned int 
  multiplicand    2    2[COMMON] unsigned int 
 Auto vars:     Size  Location     Type
  product         2    4[COMMON] unsigned int 
 Return value:  Size  Location     Type
                  2    0[COMMON] unsigned int 
 Registers used:
		wreg, status,2, status,0
 Tracked objects:
		On entry : 
		On exit  : 
		Unchanged: 
 Data sizes:     COMMON   BANK0   BANK1   BANK3   BANK2
      Params:         4       0       0       0       0
      Locals:         2       0       0       0       0
      Temps:          0       0       0       0       0
      Totals:         6       0       0       0       0
Total ram usage:        6 bytes
 Hardware stack levels used:    1
 This function calls:
		Nothing
 This function is called by:
		_lavadoRapido
		_lavadoLento
		_lavadoDelicado
 This function uses a non-reentrant model


 *************** function ___awdiv *****************
 Defined at:
		line 6 in file "C:\Program Files (x86)\Microchip\xc8\v1.41\sources\common\awdiv.c"
 Parameters:    Size  Location     Type
  divisor         2    0[COMMON] int 
  dividend        2    2[COMMON] int 
 Auto vars:     Size  Location     Type
  quotient        2    7[COMMON] int 
  sign            1    6[COMMON] unsigned char 
  counter         1    5[COMMON] unsigned char 
 Return value:  Size  Location     Type
                  2    0[COMMON] int 
 Registers used:
		wreg, status,2, status,0
 Tracked objects:
		On entry : 
		On exit  : 
		Unchanged: 
 Data sizes:     COMMON   BANK0   BANK1   BANK3   BANK2
      Params:         4       0       0       0       0
      Locals:         4       0       0       0       0
      Temps:          1       0       0       0       0
      Totals:         9       0       0       0       0
Total ram usage:        9 bytes
 Hardware stack levels used:    1
 This function calls:
		Nothing
 This function is called by:
		_lavadoRapido
		_lavadoLento
		_lavadoDelicado
 This function uses a non-reentrant model


 *************** function _PWM_Initialize *****************
 Defined at:
		line 417 in file "main.c"
 Parameters:    Size  Location     Type
		None
 Auto vars:     Size  Location     Type
		None
 Return value:  Size  Location     Type
                  1    wreg      void 
 Registers used:
		wreg, status,2, status,0, pclath, cstack
 Tracked objects:
		On entry : 
		On exit  : 
		Unchanged: 
 Data sizes:     COMMON   BANK0   BANK1   BANK3   BANK2
      Params:         0       0       0       0       0
      Locals:         0       0       0       0       0
      Temps:          4       0       0       0       0
      Totals:         4       0       0       0       0
Total ram usage:        4 bytes
 Hardware stack levels used:    1
 Hardware stack levels required when called:    1
 This function calls:
		___aldiv
 This function is called by:
		_main
 This function uses a non-reentrant model


 *************** function ___aldiv *****************
 Defined at:
		line 6 in file "C:\Program Files (x86)\Microchip\xc8\v1.41\sources\common\aldiv.c"
 Parameters:    Size  Location     Type
  divisor         4    0[COMMON] long 
  dividend        4    4[COMMON] long 
 Auto vars:     Size  Location     Type
  quotient        4    2[BANK0 ] long 
  sign            1    1[BANK0 ] unsigned char 
  counter         1    0[BANK0 ] unsigned char 
 Return value:  Size  Location     Type
                  4    0[COMMON] long 
 Registers used:
		wreg, status,2, status,0
 Tracked objects:
		On entry : 
		On exit  : 
		Unchanged: 
 Data sizes:     COMMON   BANK0   BANK1   BANK3   BANK2
      Params:         8       0       0       0       0
      Locals:         0       6       0       0       0
      Temps:          1       0       0       0       0
      Totals:         9       6       0       0       0
Total ram usage:       15 bytes
 Hardware stack levels used:    1
 This function calls:
		Nothing
 This function is called by:
		_PWM_Initialize
		_PWM_Duty
 This function uses a non-reentrant model


 *************** function _Lcd_Init *****************
 Defined at:
		line 17 in file "lcd_hd44780.c"
 Parameters:    Size  Location     Type
		None
 Auto vars:     Size  Location     Type
  data            1    5[COMMON] unsigned char 
 Return value:  Size  Location     Type
                  1    wreg      void 
 Registers used:
		wreg, status,2, status,0, pclath, cstack
 Tracked objects:
		On entry : 
		On exit  : 
		Unchanged: 
 Data sizes:     COMMON   BANK0   BANK1   BANK3   BANK2
      Params:         0       0       0       0       0
      Locals:         1       0       0       0       0
      Temps:          2       0       0       0       0
      Totals:         3       0       0       0       0
Total ram usage:        3 bytes
 Hardware stack levels used:    1
 Hardware stack levels required when called:    1
 This function calls:
		_Lcd_Command
 This function is called by:
		_main
 This function uses a non-reentrant model


 *************** function _ImprimirMenuPrincipal *****************
 Defined at:
		line 456 in file "main.c"
 Parameters:    Size  Location     Type
  casilla         2    9[COMMON] int 
 Auto vars:     Size  Location     Type
		None
 Return value:  Size  Location     Type
                  1    wreg      void 
 Registers used:
		wreg, fsr0l, fsr0h, status,2, status,0, btemp+1, pclath, cstack
 Tracked objects:
		On entry : 
		On exit  : 
		Unchanged: 
 Data sizes:     COMMON   BANK0   BANK1   BANK3   BANK2
      Params:         2       0       0       0       0
      Locals:         0       0       0       0       0
      Temps:          0       0       0       0       0
      Totals:         2       0       0       0       0
Total ram usage:        2 bytes
 Hardware stack levels used:    1
 Hardware stack levels required when called:    2
 This function calls:
		_Lcd_Command
		_Lcd_Text
 This function is called by:
		_main
 This function uses a non-reentrant model


 *************** function _ImprimirMenuLavado *****************
 Defined at:
		line 439 in file "main.c"
 Parameters:    Size  Location     Type
  casilla         2   18[BANK0 ] int 
 Auto vars:     Size  Location     Type
  aux             5   20[BANK0 ] unsigned char [5]
 Return value:  Size  Location     Type
                  1    wreg      void 
 Registers used:
		wreg, fsr0l, fsr0h, status,2, status,0, btemp+1, pclath, cstack
 Tracked objects:
		On entry : 
		On exit  : 
		Unchanged: 
 Data sizes:     COMMON   BANK0   BANK1   BANK3   BANK2
      Params:         0       2       0       0       0
      Locals:         0       5       0       0       0
      Temps:          0       0       0       0       0
      Totals:         0       7       0       0       0
Total ram usage:        7 bytes
 Hardware stack levels used:    1
 Hardware stack levels required when called:    2
 This function calls:
		_Lcd_Command
		_Lcd_Text
		_sprintf
 This function is called by:
		_main
 This function uses a non-reentrant model


 *************** function _sprintf *****************
 Defined at:
		line 492 in file "C:\Program Files (x86)\Microchip\xc8\v1.41\sources\common\doprnt.c"
 Parameters:    Size  Location     Type
  sp              1    wreg     PTR unsigned char 
		 -> ImprimirMenuLavado@aux(5), aux(20), main@aux(20), 
  f               2    0[BANK0 ] PTR const unsigned char 
		 -> STR_46(11), STR_34(17), STR_33(17), STR_21(17), 
		 -> STR_20(17), STR_8(17), STR_4(11), 
 Auto vars:     Size  Location     Type
  sp              1   16[BANK0 ] PTR unsigned char 
		 -> ImprimirMenuLavado@aux(5), aux(20), main@aux(20), 
  tmpval          4    0        struct .
  val             2   14[BANK0 ] unsigned int 
  cp              2    0        PTR const unsigned char 
  len             2    0        unsigned int 
  c               1   17[BANK0 ] char 
  prec            1   13[BANK0 ] char 
  flag            1   12[BANK0 ] unsigned char 
  ap              1   11[BANK0 ] PTR void [1]
		 -> ?_sprintf(2), 
 Return value:  Size  Location     Type
                  2    0[BANK0 ] int 
 Registers used:
		wreg, fsr0l, fsr0h, status,2, status,0, btemp+1, pclath, cstack
 Tracked objects:
		On entry : 
		On exit  : 
		Unchanged: 
 Data sizes:     COMMON   BANK0   BANK1   BANK3   BANK2
      Params:         0       8       0       0       0
      Locals:         0       7       0       0       0
      Temps:          0       3       0       0       0
      Totals:         0      18       0       0       0
Total ram usage:       18 bytes
 Hardware stack levels used:    1
 Hardware stack levels required when called:    1
 This function calls:
		___lwdiv
		___lwmod
 This function is called by:
		_main
		_lavadoRapido
		_lavadoLento
		_lavadoDelicado
		_ImprimirMenuLavado
 This function uses a non-reentrant model


 *************** function ___lwmod *****************
 Defined at:
		line 6 in file "C:\Program Files (x86)\Microchip\xc8\v1.41\sources\common\lwmod.c"
 Parameters:    Size  Location     Type
  divisor         2    8[COMMON] unsigned int 
  dividend        2   10[COMMON] unsigned int 
 Auto vars:     Size  Location     Type
  counter         1   13[COMMON] unsigned char 
 Return value:  Size  Location     Type
                  2    8[COMMON] unsigned int 
 Registers used:
		wreg, status,2, status,0
 Tracked objects:
		On entry : 
		On exit  : 
		Unchanged: 
 Data sizes:     COMMON   BANK0   BANK1   BANK3   BANK2
      Params:         4       0       0       0       0
      Locals:         1       0       0       0       0
      Temps:          1       0       0       0       0
      Totals:         6       0       0       0       0
Total ram usage:        6 bytes
 Hardware stack levels used:    1
 This function calls:
		Nothing
 This function is called by:
		_sprintf
 This function uses a non-reentrant model


 *************** function ___lwdiv *****************
 Defined at:
		line 6 in file "C:\Program Files (x86)\Microchip\xc8\v1.41\sources\common\lwdiv.c"
 Parameters:    Size  Location     Type
  divisor         2    0[COMMON] unsigned int 
  dividend        2    2[COMMON] unsigned int 
 Auto vars:     Size  Location     Type
  quotient        2    5[COMMON] unsigned int 
  counter         1    7[COMMON] unsigned char 
 Return value:  Size  Location     Type
                  2    0[COMMON] unsigned int 
 Registers used:
		wreg, status,2, status,0
 Tracked objects:
		On entry : 
		On exit  : 
		Unchanged: 
 Data sizes:     COMMON   BANK0   BANK1   BANK3   BANK2
      Params:         4       0       0       0       0
      Locals:         3       0       0       0       0
      Temps:          1       0       0       0       0
      Totals:         8       0       0       0       0
Total ram usage:        8 bytes
 Hardware stack levels used:    1
 This function calls:
		Nothing
 This function is called by:
		_sprintf
 This function uses a non-reentrant model


 *************** function _Lcd_Text *****************
 Defined at:
		line 74 in file "lcd_hd44780.c"
 Parameters:    Size  Location     Type
  y               1    wreg     unsigned char 
  x               1    3[COMMON] unsigned char 
  buffer          2    4[COMMON] PTR unsigned char 
		 -> STR_77(11), STR_76(16), STR_75(13), STR_74(14), 
		 -> STR_73(14), STR_72(10), STR_71(17), STR_70(13), 
		 -> STR_69(14), STR_68(14), STR_67(10), STR_66(16), 
		 -> STR_65(14), STR_64(14), STR_63(14), STR_62(10), 
		 -> STR_61(16), STR_60(13), STR_59(15), STR_58(14), 
		 -> STR_57(10), STR_56(16), STR_55(13), STR_54(14), 
		 -> STR_53(15), STR_52(7), STR_51(8), STR_50(15), 
		 -> STR_49(6), STR_48(9), STR_47(15), ImprimirMenuLavado@aux(5), 
		 -> STR_45(2), STR_44(2), STR_43(21), STR_42(21), 
		 -> STR_41(21), STR_40(21), STR_39(21), STR_38(21), 
		 -> STR_37(21), STR_36(21), STR_35(21), STR_32(2), 
		 -> STR_31(2), STR_30(21), STR_29(21), STR_28(21), 
		 -> STR_27(21), STR_26(21), STR_25(21), STR_24(21), 
		 -> STR_23(21), STR_22(21), STR_19(2), STR_18(2), 
		 -> STR_17(21), STR_16(21), STR_15(21), STR_14(21), 
		 -> STR_13(21), STR_12(21), STR_11(21), STR_10(21), 
		 -> STR_9(21), aux(20), STR_7(21), STR_6(21), 
		 -> STR_5(21), main@aux(20), STR_3(21), STR_2(21), 
		 -> STR_1(21), 
 Auto vars:     Size  Location     Type
  y               1    7[COMMON] unsigned char 
  data            1    8[COMMON] unsigned char 
 Return value:  Size  Location     Type
                  1    wreg      void 
 Registers used:
		wreg, fsr0l, fsr0h, status,2, status,0, btemp+1, pclath, cstack
 Tracked objects:
		On entry : 
		On exit  : 
		Unchanged: 
 Data sizes:     COMMON   BANK0   BANK1   BANK3   BANK2
      Params:         3       0       0       0       0
      Locals:         2       0       0       0       0
      Temps:          1       0       0       0       0
      Totals:         6       0       0       0       0
Total ram usage:        6 bytes
 Hardware stack levels used:    1
 Hardware stack levels required when called:    1
 This function calls:
		_Lcd_CharCP
		_Lcd_Command
 This function is called by:
		_main
		_lavadoRapido
		_lavadoLento
		_lavadoDelicado
		_ImprimirMenuLavado
		_ImprimirMenuPrincipal
 This function uses a non-reentrant model


 *************** function _Lcd_Command *****************
 Defined at:
		line 130 in file "lcd_hd44780.c"
 Parameters:    Size  Location     Type
  command         1    wreg     unsigned char 
 Auto vars:     Size  Location     Type
  command         1    2[COMMON] unsigned char 
 Return value:  Size  Location     Type
                  1    wreg      void 
 Registers used:
		wreg, status,2, status,0
 Tracked objects:
		On entry : 
		On exit  : 
		Unchanged: 
 Data sizes:     COMMON   BANK0   BANK1   BANK3   BANK2
      Params:         0       0       0       0       0
      Locals:         1       0       0       0       0
      Temps:          2       0       0       0       0
      Totals:         3       0       0       0       0
Total ram usage:        3 bytes
 Hardware stack levels used:    1
 This function calls:
		Nothing
 This function is called by:
		_main
		_lavadoRapido
		_lavadoLento
		_lavadoDelicado
		_ImprimirMenuLavado
		_ImprimirMenuPrincipal
		_Lcd_Init
		_Lcd_Text
		_Lcd_ConstText
		_Lcd_WriteChar
 This function uses a non-reentrant model


 *************** function _Lcd_CharCP *****************
 Defined at:
		line 113 in file "lcd_hd44780.c"
 Parameters:    Size  Location     Type
  c               1    wreg     unsigned char 
 Auto vars:     Size  Location     Type
  c               1    2[COMMON] unsigned char 
 Return value:  Size  Location     Type
                  1    wreg      void 
 Registers used:
		wreg, status,2, status,0
 Tracked objects:
		On entry : 
		On exit  : 
		Unchanged: 
 Data sizes:     COMMON   BANK0   BANK1   BANK3   BANK2
      Params:         0       0       0       0       0
      Locals:         1       0       0       0       0
      Temps:          2       0       0       0       0
      Totals:         3       0       0       0       0
Total ram usage:        3 bytes
 Hardware stack levels used:    1
 This function calls:
		Nothing
 This function is called by:
		_Lcd_Text
		_Lcd_ConstText
		_Lcd_WriteChar
 This function uses a non-reentrant model


 *************** function _Digital_Initialize *****************
 Defined at:
		line 378 in file "main.c"
 Parameters:    Size  Location     Type
		None
 Auto vars:     Size  Location     Type
		None
 Return value:  Size  Location     Type
                  1    wreg      void 
 Registers used:
		wreg
 Tracked objects:
		On entry : 
		On exit  : 
		Unchanged: 
 Data sizes:     COMMON   BANK0   BANK1   BANK3   BANK2
      Params:         0       0       0       0       0
      Locals:         0       0       0       0       0
      Temps:          0       0       0       0       0
      Totals:         0       0       0       0       0
Total ram usage:        0 bytes
 Hardware stack levels used:    1
 This function calls:
		Nothing
 This function is called by:
		_main
 This function uses a non-reentrant model


 *************** function _ADC_Read *****************
 Defined at:
		line 407 in file "main.c"
 Parameters:    Size  Location     Type
  channel         1    wreg     unsigned char 
 Auto vars:     Size  Location     Type
  channel         1    4[COMMON] unsigned char 
 Return value:  Size  Location     Type
                  2    0[COMMON] unsigned int 
 Registers used:
		wreg, status,2, status,0
 Tracked objects:
		On entry : 
		On exit  : 
		Unchanged: 
 Data sizes:     COMMON   BANK0   BANK1   BANK3   BANK2
      Params:         2       0       0       0       0
      Locals:         1       0       0       0       0
      Temps:          2       0       0       0       0
      Totals:         5       0       0       0       0
Total ram usage:        5 bytes
 Hardware stack levels used:    1
 This function calls:
		Nothing
 This function is called by:
		_main
 This function uses a non-reentrant model


 *************** function _ADC_Initialize *****************
 Defined at:
		line 400 in file "main.c"
 Parameters:    Size  Location     Type
		None
 Auto vars:     Size  Location     Type
		None
 Return value:  Size  Location     Type
                  1    wreg      void 
 Registers used:
		None
 Tracked objects:
		On entry : 
		On exit  : 
		Unchanged: 
 Data sizes:     COMMON   BANK0   BANK1   BANK3   BANK2
      Params:         0       0       0       0       0
      Locals:         0       0       0       0       0
      Temps:          0       0       0       0       0
      Totals:         0       0       0       0       0
Total ram usage:        0 bytes
 Hardware stack levels used:    1
 This function calls:
		Nothing
 This function is called by:
		_main
 This function uses a non-reentrant model



MODULE INFORMATION

Module		Function		Class		Link	Load	Size
C:\Program Files (x86)\Microchip\xc8\v1.41\sources\common\lwdiv.c
		___lwdiv       		CODE           	148B	0000	61

C:\Program Files (x86)\Microchip\xc8\v1.41\sources\common\lwdiv.c estimated size: 61

C:\Program Files (x86)\Microchip\xc8\v1.41\sources\common\awdiv.c
		___awdiv       		CODE           	159E	0000	90

C:\Program Files (x86)\Microchip\xc8\v1.41\sources\common\awdiv.c estimated size: 90

C:\Program Files (x86)\Microchip\xc8\v1.41\sources\common\aldiv.c
		___aldiv       		CODE           	1771	0000	144

C:\Program Files (x86)\Microchip\xc8\v1.41\sources\common\aldiv.c estimated size: 144

C:\Program Files (x86)\Microchip\xc8\v1.41\sources\common\doprnt.c
		_sprintf       		CODE           	0BAC	0000	233

C:\Program Files (x86)\Microchip\xc8\v1.41\sources\common\doprnt.c estimated size: 233

C:\Program Files (x86)\Microchip\xc8\v1.41\sources\common\fttol.c
		___fttol       		CODE           	16E3	0000	143

C:\Program Files (x86)\Microchip\xc8\v1.41\sources\common\fttol.c estimated size: 143

C:\Program Files (x86)\Microchip\xc8\v1.41\sources\common\Umul16.c
		___wmul        		CODE           	1441	0000	34

C:\Program Files (x86)\Microchip\xc8\v1.41\sources\common\Umul16.c estimated size: 34

lcd_hd44780.c
		_Lcd_Init      		CODE           	096C	0000	182
		_Lcd_Command   		CODE           	08CD	0000	160
		_Lcd_Text      		CODE           	1509	0000	73
		_Lcd_CharCP    		CODE           	0005	0000	163

lcd_hd44780.c estimated size: 578

C:\Program Files (x86)\Microchip\xc8\v1.41\sources\common\float.c
		___ftpack      		CODE           	15F7	0000	109

C:\Program Files (x86)\Microchip\xc8\v1.41\sources\common\float.c estimated size: 109

shared
		__stringtab    		STRCODE        	1000	0000	19
		_dpowers       		STRCODE        	1012	0000	11
		__initialization		CODE           	07CF	0000	46

shared estimated size: 76

C:\Program Files (x86)\Microchip\xc8\v1.41\sources\common\lwmod.c
		___lwmod       		CODE           	0802	0000	51

C:\Program Files (x86)\Microchip\xc8\v1.41\sources\common\lwmod.c estimated size: 51

C:\Program Files (x86)\Microchip\xc8\v1.41\sources\common\altoft.c
		___altoft      		CODE           	14C7	0000	67

C:\Program Files (x86)\Microchip\xc8\v1.41\sources\common\altoft.c estimated size: 67

C:\Program Files (x86)\Microchip\xc8\v1.41\sources\common\ftmul.c
		___ftmul       		CODE           	0AD9	0000	212

C:\Program Files (x86)\Microchip\xc8\v1.41\sources\common\ftmul.c estimated size: 212

C:\Program Files (x86)\Microchip\xc8\v1.41\sources\common\lwtoft.c
		___lwtoft      		CODE           	142D	0000	21

C:\Program Files (x86)\Microchip\xc8\v1.41\sources\common\lwtoft.c estimated size: 21

main.c
		_PWM_Duty      		CODE           	0834	0000	154
		_reversa       		CODE           	140F	0000	15
		_ImprimirMenuLavado		CODE           	1663	0000	129
		_lavadoDelicado		CODE           	00A7	0000	610
		_PWM_Initialize		CODE           	1551	0000	78
		_ADC_Initialize		CODE           	13F8	0000	10
		_main          		CODE           	0569	0000	615
		_lavadoLento   		CODE           	0308	0000	610
		_lavadoRapido  		CODE           	0DEA	0000	535
		_Digital_Initialize		CODE           	141D	0000	17
		_normal        		CODE           	1401	0000	15
		_ImprimirMenuPrincipal		CODE           	0C94	0000	343
		_ADC_Read      		CODE           	1462	0000	42

main.c estimated size: 3173

C:\Program Files (x86)\Microchip\xc8\v1.41\sources\common\ftdiv.c
		___ftdiv       		CODE           	0A21	0000	185

C:\Program Files (x86)\Microchip\xc8\v1.41\sources\common\ftdiv.c estimated size: 185

