Microchip MPLAB XC8 Compiler V1.41 ()

Linker command line:

-W-3 --edf=C:\Program Files (x86)\Microchip\xc8\v1.41\dat\en_msgs.txt -cs \
  -h+dist/default/production\LavadoraNuevo.X.production.sym \
  --cmf=dist/default/production\LavadoraNuevo.X.production.cmf -z -Q16F877A \
  -oC:\Users\hermo\AppData\Local\Temp\s3gs.2 \
  -Mdist/default/production/LavadoraNuevo.X.production.map -E1 -ver=XC8 \
  -ASTACK=0110h-016fh -pstack=STACK -ACODE=00h-07FFhx4 -ASTRCODE=00h-01FFFh \
  -ASTRING=00h-0FFhx32 -ACONST=00h-0FFhx32 -AENTRY=00h-0FFhx32 \
  -ACOMMON=070h-07Fh -ABANK0=020h-06Fh -ABANK1=0A0h-0EFh \
  -ABANK2=0110h-016Fh -ABANK3=0190h-01EFh \
  -ARAM=020h-06Fh,0A0h-0EFh,0110h-016Fh,0190h-01EFh \
  -AABS1=020h-07Fh,0A0h-0EFh,0110h-016Fh,0190h-01EFh -ASFR0=00h-01Fh \
  -ASFR1=080h-09Fh -ASFR2=0100h-010Fh -ASFR3=0180h-018Fh \
  -preset_vec=00h,intentry,init,end_init -ppowerup=CODE -pcinit=CODE \
  -pfunctab=CODE -ACONFIG=02007h-02007h -pconfig=CONFIG -DCONFIG=2 \
  -AIDLOC=02000h-02003h -pidloc=IDLOC -DIDLOC=2 -AEEDATA=00h-0FFh/02100h \
  -peeprom_data=EEDATA -DEEDATA=2 -DCODE=2 -DSTRCODE=2 -DSTRING=2 -DCONST=2 \
  -DENTRY=2 -k C:\Users\hermo\AppData\Local\Temp\s3gs.obj \
  dist/default/production\LavadoraNuevo.X.production.obj 

Object code version is 3.11

Machine type is 16F877A



                Name                               Link     Load   Length Selector   Space Scale
C:\Users\hermo\AppData\Local\Temp\s3gs.obj
                end_init                              0        0        3        0       0
                config                             2007     2007        1     400E       0
dist/default/production\LavadoraNuevo.X.production.obj
                cinit                               7D5      7D5       2B      FAA       0
                text30                                9        9        9       12       0
                text29                              94E      94E       2B     129C       0
                text28                              F5A      F5A       A6     1EB4       0
                text27                              EB8      EB8       A2     1D70       0
                text26                              A3D      A3D       48     147A       0
                text25                              979      979       3C     12F2       0
                text24                             17CE     17CE       32     2F9C       0
                text23                              305      305       E8      60A       0
                text22                              D13      D13       88     1A26       0
                text21                              3ED      3ED      120      7DA       0
                text20                              173      173       BF      2E6       0
                text19                              E29      E29       8F     1C52       0
                text18                              A85      A85       4F     150A       0
                text17                             1731     1731       12     2E62       0
                text16                              9F7      9F7       46     13EE       0
                text15                             17A5     17A5       29     2F4A       0
                text14                              B2D      B2D       6C     165A       0
                text13                              9B5      9B5       42     136A       0
                text12                               BB       BB       B8      176       0
                text11                              232      232       D3      464       0
                text10                              D9B      D9B       8E     1B36       0
                text9                              1743     1743       14     2E86       0
                text8                                12       12       A9       24       0
                text7                               AD4      AD4       59     15A8       0
                text6                              1757     1757       27     2EAE       0
                text5                               B99      B99       7B     1732       0
                text4                               C8F      C8F       84     191E       0
                text3                              177E     177E       27     2EFC       0
                text2                               C14      C14       7B     1828       0
                text1                               50D      50D      128      A1A       0
                maintext                            635      635      1A0      C6A       0
                cstackBANK0                          20       20       50       20       1
                cstackCOMMON                         70       70        E       70       1
                cstackBANK1                          BD       BD        4       A0       1
                clrtext                            1729     1729        8     2E52       0
                dataBANK1                            B8       B8        5       A0       1
                bssBANK1                             A0       A0       18       A0       1
                stringtext                          800      800      14A       10       0
                idataBANK1                            4        4        5        8       0

TOTAL           Name                               Link     Load   Length     Space
        CLASS   STACK          

        CLASS   CODE           
                end_init                              0        0        3         0
                cinit                               7D5      7D5       2B         0
                text30                                9        9        9         0
                text29                              94E      94E       2B         0
                text28                              F5A      F5A       A6         0
                text27                              EB8      EB8       A2         0
                text26                              A3D      A3D       48         0
                text25                              979      979       3C         0
                text24                             17CE     17CE       32         0
                text23                              305      305       E8         0
                text22                              D13      D13       88         0
                text21                              3ED      3ED      120         0
                text20                              173      173       BF         0
                text19                              E29      E29       8F         0
                text18                              A85      A85       4F         0
                text17                             1731     1731       12         0
                text16                              9F7      9F7       46         0
                text15                             17A5     17A5       29         0
                text14                              B2D      B2D       6C         0
                text13                              9B5      9B5       42         0
                text12                               BB       BB       B8         0
                text11                              232      232       D3         0
                text10                              D9B      D9B       8E         0
                text9                              1743     1743       14         0
                text8                                12       12       A9         0
                text7                               AD4      AD4       59         0
                text6                              1757     1757       27         0
                text5                               B99      B99       7B         0
                text4                               C8F      C8F       84         0
                text3                              177E     177E       27         0
                text2                               C14      C14       7B         0
                text1                               50D      50D      128         0
                maintext                            635      635      1A0         0
                clrtext                            1729     1729        8         0
                idataBANK1                            4        4        5         0

        CLASS   STRCODE        
                stringtext                          800      800      14A         0

        CLASS   STRING         

        CLASS   CONST          

        CLASS   ENTRY          

        CLASS   COMMON         
                cstackCOMMON                         70       70        E         1

        CLASS   BANK0          
                cstackBANK0                          20       20       50         1

        CLASS   BANK1          
                cstackBANK1                          BD       BD        4         1
                dataBANK1                            B8       B8        5         1
                bssBANK1                             A0       A0       18         1

        CLASS   BANK2          

        CLASS   BANK3          

        CLASS   RAM            

        CLASS   ABS1           
                abs_s1                               7E       7E        2         1

        CLASS   SFR0           

        CLASS   SFR1           

        CLASS   SFR2           

        CLASS   SFR3           

        CLASS   CONFIG         
                config                             2007     2007        1         0

        CLASS   IDLOC          

        CLASS   EEDATA         



SEGMENTS        Name                           Load    Length   Top    Selector   Space  Class     Delta

                reset_vec                      000000  000003  000003         0       0  CODE        2
                idataBANK1                     000004  000005  000009         8       0  CODE        2
                text30                         000009  000009  000012        12       0  CODE        2
                cstackBANK0                    000020  000050  000070        20       1  BANK0       1
                text8                          000012  0000A9  0000BB        24       0  CODE        2
                cstackCOMMON                   000070  00000E  00007E        70       1  COMMON      1
                bssBANK1                       0000A0  000021  0000C1        A0       1  BANK1       1
                text12                         0000BB  0000B8  000173       176       0  CODE        2
                text20                         000173  0000BF  000232       2E6       0  CODE        2
                text11                         000232  0000D3  000305       464       0  CODE        2
                text23                         000305  0000E8  0003ED       60A       0  CODE        2
                text21                         0003ED  000120  00050D       7DA       0  CODE        2
                text1                          00050D  000128  000635       A1A       0  CODE        2
                maintext                       000635  0001A0  0007D5       C6A       0  CODE        2
                cinit                          0007D5  00002B  000800       FAA       0  CODE        2
                stringtext                     000800  00014A  00094A        10       0  STRCODE     2
                text29                         00094E  00002B  000979      129C       0  CODE        2
                text25                         000979  00003C  0009B5      12F2       0  CODE        2
                text13                         0009B5  000042  0009F7      136A       0  CODE        2
                text16                         0009F7  000046  000A3D      13EE       0  CODE        2
                text26                         000A3D  000048  000A85      147A       0  CODE        2
                text18                         000A85  00004F  000AD4      150A       0  CODE        2
                text7                          000AD4  000059  000B2D      15A8       0  CODE        2
                text14                         000B2D  00006C  000B99      165A       0  CODE        2
                text5                          000B99  00007B  000C14      1732       0  CODE        2
                text2                          000C14  00007B  000C8F      1828       0  CODE        2
                text4                          000C8F  000084  000D13      191E       0  CODE        2
                text22                         000D13  000088  000D9B      1A26       0  CODE        2
                text10                         000D9B  00008E  000E29      1B36       0  CODE        2
                text19                         000E29  00008F  000EB8      1C52       0  CODE        2
                text27                         000EB8  0000A2  000F5A      1D70       0  CODE        2
                text28                         000F5A  0000A6  001000      1EB4       0  CODE        2
                clrtext                        001729  000008  001731      2E52       0  CODE        2
                text17                         001731  000012  001743      2E62       0  CODE        2
                text9                          001743  000014  001757      2E86       0  CODE        2
                text6                          001757  000027  00177E      2EAE       0  CODE        2
                text3                          00177E  000027  0017A5      2EFC       0  CODE        2
                text15                         0017A5  000029  0017CE      2F4A       0  CODE        2
                text24                         0017CE  000032  001800      2F9C       0  CODE        2
                config                         002007  000001  002008      400E       0  CONFIG      2


UNUSED ADDRESS RANGES

        Name                Unused          Largest block    Delta
        BANK1            00C1-00EF             2F           1
        BANK2            0110-016F             60           1
        BANK3            0190-01EF             60           1
        CODE             0003-0003              1           2
                         094A-094D              4
                         1000-1728            729
                         1800-1FFF            800
        CONST            0003-0003              1           2
                         094A-094D              4
                         1000-1728            100
                         1800-1FFF            100
        EEDATA           2100-21FF            100           2
        ENTRY            0003-0003              1           2
                         094A-094D              4
                         1000-1728            100
                         1800-1FFF            100
        IDLOC            2000-2003              4           2
        RAM              00C1-00EF             2F           1
                         0110-016F             60
                         0190-01EF             60
        SFR0             0000-001F             20           1
        SFR1             0080-009F             20           1
        SFR2             0100-010F             10           1
        SFR3             0180-018F             10           1
        STACK            0110-016F             60           1
        STRCODE          0003-0003              1           2
                         094A-094D              4
                         1000-1728            729
                         1800-1FFF            800
        STRING           0003-0003              1           2
                         094A-094D              4
                         1000-1728            100
                         1800-1FFF            100

                                  Symbol Table

?_ADC_Read                      cstackCOMMON 0070
?___aldiv                       cstackCOMMON 0070
?___altoft                      cstackBANK0  0026
?___awdiv                       cstackCOMMON 0070
?___ftdiv                       cstackBANK0  0020
?___ftmul                       cstackBANK0  0030
?___ftpack                      cstackCOMMON 0070
?___fttol                       cstackBANK0  0040
?___lwdiv                       cstackCOMMON 0070
?___lwmod                       cstackCOMMON 0078
?___lwtoft                      cstackCOMMON 0078
?___wmul                        cstackCOMMON 0079
?_sprintf                       cstackBANK0  0022
ADC_Read@channel                cstackCOMMON 0074
ImprimirMenuLavado@casilla      cstackBANK0  0034
ImprimirMenuPrincipal@casilla   cstackCOMMON 0079
Lcd_CharCP@c                    cstackCOMMON 0072
Lcd_Command@command             cstackCOMMON 0072
Lcd_Init@data                   cstackCOMMON 0075
Lcd_Text@buffer                 cstackCOMMON 0074
Lcd_Text@data                   cstackCOMMON 0078
Lcd_Text@x                      cstackCOMMON 0073
Lcd_Text@y                      cstackCOMMON 0077
MensajeFinalizado@i             cstackCOMMON 007C
PWM_Duty@duty                   cstackBANK0  004E
Puerta@op                       cstackCOMMON 0070
SacaraAgua@count                cstackBANK0  005C
SacaraAgua@i                    cstackBANK0  005E
_ADCON0                         (abs)        001F
_ADCON0bits                     (abs)        001F
_ADCON1bits                     (abs)        009F
_ADC_Initialize                 text30       0009
_ADC_Read                       text15       17A5
_ADRESH                         (abs)        001E
_ADRESL                         (abs)        009E
_CCP1CON                        (abs)        0017
_CCP1M2                         (abs)        00BA
_CCP1M3                         (abs)        00BB
_CCP1X                          (abs)        00BD
_CCP1Y                          (abs)        00BC
_CCPR1L                         (abs)        0015
_Digital_Initialize             text29       094E
_GO_nDONE                       (abs)        00FA
_ImprimirMenuLavado             text22       0D13
_ImprimirMenuPrincipal          text21       03ED
_Lcd_CharCP                     text28       0F5A
_Lcd_Command                    text27       0EB8
_Lcd_Init                       text20       0173
_Lcd_Text                       text26       0A3D
_MensajeFinalizado              text16       09F7
_PORTAbits                      (abs)        0005
_PORTBbits                      (abs)        0006
_PORTCbits                      (abs)        0007
_PORTDbits                      (abs)        0008
_PR2                            (abs)        0092
_PWM_Duty                       text8        0012
_PWM_Initialize                 text18       0A85
_PWM_freq                       dataBANK1    00B9
_Puerta                         text17       1731
_SacaraAgua                     text4        0C8F
_SacaraAgua$501                 cstackBANK0  0060
_T2CKPS0                        (abs)        0090
_T2CKPS1                        (abs)        0091
_TMR2ON                         (abs)        0092
_TRISAbits                      (abs)        0085
_TRISBbits                      (abs)        0086
_TRISC                          (abs)        0087
_TRISC2                         (abs)        043A
_TRISCbits                      (abs)        0087
_TRISDbits                      (abs)        0088
__CFG_BOREN$ON                  (abs)        0000
__CFG_CP$OFF                    (abs)        0000
__CFG_CPD$OFF                   (abs)        0000
__CFG_FOSC$HS                   (abs)        0000
__CFG_LVP$OFF                   (abs)        0000
__CFG_PWRTE$ON                  (abs)        0000
__CFG_WDTE$OFF                  (abs)        0000
__CFG_WRT$OFF                   (abs)        0000
__Habs1                         abs1         0000
__Hbank0                        bank0        0000
__Hbank1                        bank1        0000
__Hbank2                        bank2        0000
__Hbank3                        bank3        0000
__HbssBANK1                     bssBANK1     0000
__Hcinit                        cinit        0800
__Hclrtext                      clrtext      0000
__Hcode                         code         0000
__Hcommon                       common       0000
__Hconfig                       config       2008
__HcstackBANK0                  cstackBANK0  0000
__HcstackBANK1                  cstackBANK1  0000
__HcstackCOMMON                 cstackCOMMON 0000
__HdataBANK1                    dataBANK1    0000
__Heeprom_data                  eeprom_data  0000
__Hend_init                     end_init     0003
__Hfunctab                      functab      0000
__HidataBANK1                   idataBANK1   0000
__Hidloc                        idloc        0000
__Hinit                         init         0000
__Hintentry                     intentry     0000
__Hmaintext                     maintext     0000
__Hpowerup                      powerup      0000
__Hram                          ram          0000
__Hreset_vec                    reset_vec    0000
__Hsfr0                         sfr0         0000
__Hsfr1                         sfr1         0000
__Hsfr2                         sfr2         0000
__Hsfr3                         sfr3         0000
__Hspace_0                      (abs)        2008
__Hspace_1                      (abs)        00C1
__Hspace_2                      (abs)        0000
__Hspace_3                      (abs)        0000
__Hstack                        stack        0000
__Hstrings                      strings      0000
__Hstringtext                   stringtext   0000
__Htext                         text         0000
__Labs1                         abs1         0000
__Lbank0                        bank0        0000
__Lbank1                        bank1        0000
__Lbank2                        bank2        0000
__Lbank3                        bank3        0000
__LbssBANK1                     bssBANK1     0000
__Lcinit                        cinit        07D5
__Lclrtext                      clrtext      0000
__Lcode                         code         0000
__Lcommon                       common       0000
__Lconfig                       config       2007
__LcstackBANK0                  cstackBANK0  0000
__LcstackBANK1                  cstackBANK1  0000
__LcstackCOMMON                 cstackCOMMON 0000
__LdataBANK1                    dataBANK1    0000
__Leeprom_data                  eeprom_data  0000
__Lend_init                     end_init     0000
__Lfunctab                      functab      0000
__LidataBANK1                   idataBANK1   0000
__Lidloc                        idloc        0000
__Linit                         init         0000
__Lintentry                     intentry     0000
__Lmaintext                     maintext     0000
__Lpowerup                      powerup      0000
__Lram                          ram          0000
__Lreset_vec                    reset_vec    0000
__Lsfr0                         sfr0         0000
__Lsfr1                         sfr1         0000
__Lsfr2                         sfr2         0000
__Lsfr3                         sfr3         0000
__Lspace_0                      (abs)        0000
__Lspace_1                      (abs)        0000
__Lspace_2                      (abs)        0000
__Lspace_3                      (abs)        0000
__Lstack                        stack        0000
__Lstrings                      strings      0000
__Lstringtext                   stringtext   0000
__Ltext                         text         0000
__S0                            (abs)        2008
__S1                            (abs)        00C1
__S2                            (abs)        0000
__S3                            (abs)        0000
___aldiv                        text19       0E29
___aldiv@counter                cstackBANK0  0020
___aldiv@dividend               cstackCOMMON 0074
___aldiv@divisor                cstackCOMMON 0070
___aldiv@quotient               cstackBANK0  0022
___aldiv@sign                   cstackBANK0  0021
___altoft                       text13       09B5
___altoft@c                     cstackBANK0  0026
___altoft@exp                   cstackCOMMON 007B
___altoft@sign                  cstackCOMMON 007C
___awdiv                        text7        0AD4
___awdiv@counter                cstackCOMMON 0075
___awdiv@dividend               cstackCOMMON 0072
___awdiv@divisor                cstackCOMMON 0070
___awdiv@quotient               cstackCOMMON 0077
___awdiv@sign                   cstackCOMMON 0076
___ftdiv                        text12       00BB
___ftdiv@cntr                   cstackBANK0  002A
___ftdiv@exp                    cstackBANK0  002E
___ftdiv@f1                     cstackBANK0  0023
___ftdiv@f2                     cstackBANK0  0020
___ftdiv@f3                     cstackBANK0  002B
___ftdiv@sign                   cstackBANK0  002F
___ftmul                        text11       0232
___ftmul@cntr                   cstackBANK0  003E
___ftmul@exp                    cstackBANK0  003A
___ftmul@f1                     cstackBANK0  0030
___ftmul@f2                     cstackBANK0  0033
___ftmul@f3_as_product          cstackBANK0  003B
___ftmul@sign                   cstackBANK0  003F
___ftpack                       text14       0B2D
___ftpack@arg                   cstackCOMMON 0070
___ftpack@exp                   cstackCOMMON 0073
___ftpack@sign                  cstackCOMMON 0074
___fttol                        text10       0D9B
___fttol@exp1                   cstackBANK0  004D
___fttol@f1                     cstackBANK0  0040
___fttol@lval                   cstackBANK0  0049
___fttol@sign1                  cstackBANK0  0048
___int_sp                       stack        0000
___latbits                      (abs)        0002
___lwdiv                        text25       0979
___lwdiv@counter                cstackCOMMON 0077
___lwdiv@dividend               cstackCOMMON 0072
___lwdiv@divisor                cstackCOMMON 0070
___lwdiv@quotient               cstackCOMMON 0075
___lwmod                        text24       17CE
___lwmod@counter                cstackCOMMON 007D
___lwmod@dividend               cstackCOMMON 007A
___lwmod@divisor                cstackCOMMON 0078
___lwtoft                       text9        1743
___lwtoft@c                     cstackCOMMON 0078
___sp                           stack        0000
___wmul                         text6        1757
___wmul@multiplicand            cstackCOMMON 007B
___wmul@multiplier              cstackCOMMON 0079
___wmul@product                 cstackBANK0  0020
__end_of_ADC_Initialize         text30       0012
__end_of_ADC_Read               text15       17CE
__end_of_Digital_Initialize     text29       0979
__end_of_ImprimirMenuLavado     text22       0D9B
__end_of_ImprimirMenuPrincipal  text21       050D
__end_of_Lcd_CharCP             text28       1000
__end_of_Lcd_Command            text27       0F5A
__end_of_Lcd_Init               text20       0232
__end_of_Lcd_Text               text26       0A85
__end_of_MensajeFinalizado      text16       0A3D
__end_of_PWM_Duty               text8        00BB
__end_of_PWM_Initialize         text18       0AD4
__end_of_Puerta                 text17       1743
__end_of_SacaraAgua             text4        0D13
__end_of___aldiv                text19       0EB8
__end_of___altoft               text13       09F7
__end_of___awdiv                text7        0B2D
__end_of___ftdiv                text12       0173
__end_of___ftmul                text11       0305
__end_of___ftpack               text14       0B99
__end_of___fttol                text10       0E29
__end_of___lwdiv                text25       09B5
__end_of___lwmod                text24       1800
__end_of___lwtoft               text9        1757
__end_of___wmul                 text6        177E
__end_of__initialization        cinit        07FC
__end_of__stringtab             stringtext   0812
__end_of_dpowers                stringtext   081C
__end_of_lavadoNormal           text1        0635
__end_of_llenadoAgua            text3        17A5
__end_of_main                   maintext     07D5
__end_of_normal                 text5        0C14
__end_of_reversa                text2        0C8F
__end_of_sprintf                text23       03ED
__initialization                cinit        07D5
__pbssBANK1                     bssBANK1     00A0
__pcstackBANK0                  cstackBANK0  0020
__pcstackBANK1                  cstackBANK1  00BD
__pcstackCOMMON                 cstackCOMMON 0070
__pdataBANK1                    dataBANK1    00B8
__pidataBANK1                   idataBANK1   0004
__pmaintext                     maintext     0635
__pstringtext                   stringtext   0800
__ptext1                        text1        050D
__ptext10                       text10       0D9B
__ptext11                       text11       0232
__ptext12                       text12       00BB
__ptext13                       text13       09B5
__ptext14                       text14       0B2D
__ptext15                       text15       17A5
__ptext16                       text16       09F7
__ptext17                       text17       1731
__ptext18                       text18       0A85
__ptext19                       text19       0E29
__ptext2                        text2        0C14
__ptext20                       text20       0173
__ptext21                       text21       03ED
__ptext22                       text22       0D13
__ptext23                       text23       0305
__ptext24                       text24       17CE
__ptext25                       text25       0979
__ptext26                       text26       0A3D
__ptext27                       text27       0EB8
__ptext28                       text28       0F5A
__ptext29                       text29       094E
__ptext3                        text3        177E
__ptext30                       text30       0009
__ptext4                        text4        0C8F
__ptext5                        text5        0B99
__ptext6                        text6        1757
__ptext7                        text7        0AD4
__ptext8                        text8        0012
__ptext9                        text9        1743
__size_of_ADC_Initialize        (abs)        0000
__size_of_ADC_Read              (abs)        0000
__size_of_Digital_Initialize    (abs)        0000
__size_of_ImprimirMenuLavado    (abs)        0000
__size_of_ImprimirMenuPrincipal (abs)        0000
__size_of_Lcd_CharCP            (abs)        0000
__size_of_Lcd_Command           (abs)        0000
__size_of_Lcd_Init              (abs)        0000
__size_of_Lcd_Text              (abs)        0000
__size_of_MensajeFinalizado     (abs)        0000
__size_of_PWM_Duty              (abs)        0000
__size_of_PWM_Initialize        (abs)        0000
__size_of_Puerta                (abs)        0000
__size_of_SacaraAgua            (abs)        0000
__size_of___aldiv               (abs)        0000
__size_of___altoft              (abs)        0000
__size_of___awdiv               (abs)        0000
__size_of___ftdiv               (abs)        0000
__size_of___ftmul               (abs)        0000
__size_of___ftpack              (abs)        0000
__size_of___fttol               (abs)        0000
__size_of___lwdiv               (abs)        0000
__size_of___lwmod               (abs)        0000
__size_of___lwtoft              (abs)        0000
__size_of___wmul                (abs)        0000
__size_of_lavadoNormal          (abs)        0000
__size_of_llenadoAgua           (abs)        0000
__size_of_main                  (abs)        0000
__size_of_normal                (abs)        0000
__size_of_reversa               (abs)        0000
__size_of_sprintf               (abs)        0000
__stringbase                    stringtext   0812
__stringtab                     stringtext   0800
_aux                            bssBANK1     00A4
_dpowers                        stringtext   0812
_estado                         dataBANK1    00B8
_lavadoNormal                   text1        050D
_lavadoNormal$417               cstackBANK0  0065
_lavadoNormal$418               cstackBANK0  0067
_llenadoAgua                    text3        177E
_main                           maintext     0635
_normal                         text5        0B99
_reversa                        text2        0C14
_sprintf                        text23       0305
_tiempo                         bssBANK1     00A2
btemp                           (abs)        007E
clear_ram0                      clrtext      1729
end_of_initialization           cinit        07FC
intlevel0                       functab      0000
intlevel1                       functab      0000
intlevel2                       functab      0000
intlevel3                       functab      0000
intlevel4                       functab      0000
intlevel5                       functab      0000
lavadoNormal@count              cstackBANK0  006B
lavadoNormal@i                  cstackBANK0  0069
main@op                         cstackBANK1  00BD
main@opcionPrincipal            cstackBANK1  00BF
normal@minutAux                 cstackBANK0  005A
normal@pwm                      cstackBANK0  0054
normal@t                        cstackBANK0  0056
reset_vec                       reset_vec    0000
reversa@minutAux                cstackBANK0  005A
reversa@pwm                     cstackBANK0  0054
reversa@t                       cstackBANK0  0056
sprintf@ap                      cstackBANK0  002D
sprintf@c                       cstackBANK0  0033
sprintf@f                       cstackBANK0  0022
sprintf@flag                    cstackBANK0  002E
sprintf@prec                    cstackBANK0  002F
sprintf@sp                      cstackBANK0  0032
sprintf@val                     cstackBANK0  0030
stackhi                         (abs)        0000
stacklo                         (abs)        0000
start                           init         0000
start_initialization            cinit        07D5
wtemp0                          (abs)        007E


FUNCTION INFORMATION:

 *************** function _main *****************
 Defined at:
		line 47 in file "main.c"
 Parameters:    Size  Location     Type
		None
 Auto vars:     Size  Location     Type
  opcionPrinci    2    2[BANK1 ] int 
  op              2    0[BANK1 ] int 
 Return value:  Size  Location     Type
                  2  153[None  ] int 
 Registers used:
		wreg, fsr0l, fsr0h, status,2, status,0, btemp+1, pclath, cstack
 Tracked objects:
		On entry : 
		On exit  : 
		Unchanged: 
 Data sizes:     COMMON   BANK0   BANK1   BANK3   BANK2
      Params:         0       0       0       0       0
      Locals:         0       0       4       0       0
      Temps:          0       3       0       0       0
      Totals:         0       3       4       0       0
Total ram usage:        7 bytes
 Hardware stack levels required when called:    6
 This function calls:
		_ADC_Initialize
		_Digital_Initialize
		_ImprimirMenuLavado
		_ImprimirMenuPrincipal
		_Lcd_Command
		_Lcd_Init
		_Lcd_Text
		_PWM_Duty
		_PWM_Initialize
		_Puerta
		_lavadoNormal
 This function is called by:
		Startup code after reset
 This function uses a non-reentrant model


 *************** function _lavadoNormal *****************
 Defined at:
		line 135 in file "main.c"
 Parameters:    Size  Location     Type
		None
 Auto vars:     Size  Location     Type
  count           2   75[BANK0 ] int 
  i               2   73[BANK0 ] int 
 Return value:  Size  Location     Type
                  1    wreg      void 
 Registers used:
		wreg, fsr0l, fsr0h, status,2, status,0, btemp+1, pclath, cstack
 Tracked objects:
		On entry : 
		On exit  : 
		Unchanged: 
 Data sizes:     COMMON   BANK0   BANK1   BANK3   BANK2
      Params:         0       0       0       0       0
      Locals:         0       8       0       0       0
      Temps:          0       3       0       0       0
      Totals:         0      11       0       0       0
Total ram usage:       11 bytes
 Hardware stack levels used:    1
 Hardware stack levels required when called:    5
 This function calls:
		_Lcd_Command
		_Lcd_Text
		_MensajeFinalizado
		_SacaraAgua
		___awdiv
		___wmul
		_llenadoAgua
		_normal
		_reversa
 This function is called by:
		_main
 This function uses a non-reentrant model


 *************** function _reversa *****************
 Defined at:
		line 170 in file "main.c"
 Parameters:    Size  Location     Type
  pwm             2   52[BANK0 ] int 
  t               2   54[BANK0 ] int 
 Auto vars:     Size  Location     Type
  minutAux        2   58[BANK0 ] int 
 Return value:  Size  Location     Type
                  1    wreg      void 
 Registers used:
		wreg, fsr0l, fsr0h, status,2, status,0, btemp+1, pclath, cstack
 Tracked objects:
		On entry : 
		On exit  : 
		Unchanged: 
 Data sizes:     COMMON   BANK0   BANK1   BANK3   BANK2
      Params:         0       4       0       0       0
      Locals:         0       2       0       0       0
      Temps:          0       2       0       0       0
      Totals:         0       8       0       0       0
Total ram usage:        8 bytes
 Hardware stack levels used:    1
 Hardware stack levels required when called:    3
 This function calls:
		_Lcd_Text
		_PWM_Duty
		___awdiv
		___wmul
		_sprintf
 This function is called by:
		_lavadoNormal
 This function uses a non-reentrant model


 *************** function _llenadoAgua *****************
 Defined at:
		line 274 in file "main.c"
 Parameters:    Size  Location     Type
		None
 Auto vars:     Size  Location     Type
		None
 Return value:  Size  Location     Type
                  1    wreg      void 
 Registers used:
		wreg, fsr0l, fsr0h, status,2, status,0, btemp+1, pclath, cstack
 Tracked objects:
		On entry : 
		On exit  : 
		Unchanged: 
 Data sizes:     COMMON   BANK0   BANK1   BANK3   BANK2
      Params:         0       0       0       0       0
      Locals:         0       0       0       0       0
      Temps:          0       0       0       0       0
      Totals:         0       0       0       0       0
Total ram usage:        0 bytes
 Hardware stack levels used:    1
 Hardware stack levels required when called:    2
 This function calls:
		_ADC_Read
		_Lcd_Command
		_Lcd_Text
 This function is called by:
		_lavadoNormal
 This function uses a non-reentrant model


 *************** function _SacaraAgua *****************
 Defined at:
		line 284 in file "main.c"
 Parameters:    Size  Location     Type
  count           2   60[BANK0 ] int 
  i               2   62[BANK0 ] int 
 Auto vars:     Size  Location     Type
		None
 Return value:  Size  Location     Type
                  1    wreg      void 
 Registers used:
		wreg, fsr0l, fsr0h, status,2, status,0, btemp+1, pclath, cstack
 Tracked objects:
		On entry : 
		On exit  : 
		Unchanged: 
 Data sizes:     COMMON   BANK0   BANK1   BANK3   BANK2
      Params:         0       4       0       0       0
      Locals:         0       2       0       0       0
      Temps:          0       0       0       0       0
      Totals:         0       6       0       0       0
Total ram usage:        6 bytes
 Hardware stack levels used:    1
 Hardware stack levels required when called:    4
 This function calls:
		_ADC_Read
		_Lcd_Command
		_Lcd_Text
		___awdiv
		___wmul
		_normal
 This function is called by:
		_lavadoNormal
 This function uses a non-reentrant model


 *************** function _normal *****************
 Defined at:
		line 179 in file "main.c"
 Parameters:    Size  Location     Type
  pwm             2   52[BANK0 ] int 
  t               2   54[BANK0 ] int 
 Auto vars:     Size  Location     Type
  minutAux        2   58[BANK0 ] int 
 Return value:  Size  Location     Type
                  1    wreg      void 
 Registers used:
		wreg, fsr0l, fsr0h, status,2, status,0, btemp+1, pclath, cstack
 Tracked objects:
		On entry : 
		On exit  : 
		Unchanged: 
 Data sizes:     COMMON   BANK0   BANK1   BANK3   BANK2
      Params:         0       4       0       0       0
      Locals:         0       2       0       0       0
      Temps:          0       2       0       0       0
      Totals:         0       8       0       0       0
Total ram usage:        8 bytes
 Hardware stack levels used:    1
 Hardware stack levels required when called:    3
 This function calls:
		_Lcd_Text
		_PWM_Duty
		___awdiv
		___wmul
		_sprintf
 This function is called by:
		_lavadoNormal
		_SacaraAgua
 This function uses a non-reentrant model


 *************** function ___wmul *****************
 Defined at:
		line 15 in file "C:\Program Files (x86)\Microchip\xc8\v1.41\sources\common\Umul16.c"
 Parameters:    Size  Location     Type
  multiplier      2    9[COMMON] unsigned int 
  multiplicand    2   11[COMMON] unsigned int 
 Auto vars:     Size  Location     Type
  product         2    0[BANK0 ] unsigned int 
 Return value:  Size  Location     Type
                  2    9[COMMON] unsigned int 
 Registers used:
		wreg, status,2, status,0
 Tracked objects:
		On entry : 
		On exit  : 
		Unchanged: 
 Data sizes:     COMMON   BANK0   BANK1   BANK3   BANK2
      Params:         4       0       0       0       0
      Locals:         0       2       0       0       0
      Temps:          0       0       0       0       0
      Totals:         4       2       0       0       0
Total ram usage:        6 bytes
 Hardware stack levels used:    1
 This function calls:
		Nothing
 This function is called by:
		_lavadoNormal
		_reversa
		_normal
		_SacaraAgua
 This function uses a non-reentrant model


 *************** function ___awdiv *****************
 Defined at:
		line 6 in file "C:\Program Files (x86)\Microchip\xc8\v1.41\sources\common\awdiv.c"
 Parameters:    Size  Location     Type
  divisor         2    0[COMMON] int 
  dividend        2    2[COMMON] int 
 Auto vars:     Size  Location     Type
  quotient        2    7[COMMON] int 
  sign            1    6[COMMON] unsigned char 
  counter         1    5[COMMON] unsigned char 
 Return value:  Size  Location     Type
                  2    0[COMMON] int 
 Registers used:
		wreg, status,2, status,0
 Tracked objects:
		On entry : 
		On exit  : 
		Unchanged: 
 Data sizes:     COMMON   BANK0   BANK1   BANK3   BANK2
      Params:         4       0       0       0       0
      Locals:         4       0       0       0       0
      Temps:          1       0       0       0       0
      Totals:         9       0       0       0       0
Total ram usage:        9 bytes
 Hardware stack levels used:    1
 This function calls:
		Nothing
 This function is called by:
		_lavadoNormal
		_reversa
		_normal
		_SacaraAgua
 This function uses a non-reentrant model


 *************** function _PWM_Duty *****************
 Defined at:
		line 298 in file "main.c"
 Parameters:    Size  Location     Type
  duty            2   46[BANK0 ] unsigned int 
 Auto vars:     Size  Location     Type
		None
 Return value:  Size  Location     Type
                  1    wreg      void 
 Registers used:
		wreg, status,2, status,0, pclath, cstack
 Tracked objects:
		On entry : 
		On exit  : 
		Unchanged: 
 Data sizes:     COMMON   BANK0   BANK1   BANK3   BANK2
      Params:         0       2       0       0       0
      Locals:         0       0       0       0       0
      Temps:          0       4       0       0       0
      Totals:         0       6       0       0       0
Total ram usage:        6 bytes
 Hardware stack levels used:    1
 Hardware stack levels required when called:    2
 This function calls:
		___aldiv
		___altoft
		___ftdiv
		___ftmul
		___fttol
		___lwtoft
 This function is called by:
		_main
		_reversa
		_normal
		_AspaMotorUnSegundo
 This function uses a non-reentrant model


 *************** function ___lwtoft *****************
 Defined at:
		line 28 in file "C:\Program Files (x86)\Microchip\xc8\v1.41\sources\common\lwtoft.c"
 Parameters:    Size  Location     Type
  c               2    8[COMMON] unsigned int 
 Auto vars:     Size  Location     Type
		None
 Return value:  Size  Location     Type
                  3    8[COMMON] float 
 Registers used:
		wreg, status,2, status,0, pclath, cstack
 Tracked objects:
		On entry : 
		On exit  : 
		Unchanged: 
 Data sizes:     COMMON   BANK0   BANK1   BANK3   BANK2
      Params:         3       0       0       0       0
      Locals:         0       0       0       0       0
      Temps:          1       0       0       0       0
      Totals:         4       0       0       0       0
Total ram usage:        4 bytes
 Hardware stack levels used:    1
 Hardware stack levels required when called:    1
 This function calls:
		___ftpack
 This function is called by:
		_PWM_Duty
 This function uses a non-reentrant model


 *************** function ___fttol *****************
 Defined at:
		line 44 in file "C:\Program Files (x86)\Microchip\xc8\v1.41\sources\common\fttol.c"
 Parameters:    Size  Location     Type
  f1              3   32[BANK0 ] float 
 Auto vars:     Size  Location     Type
  lval            4   41[BANK0 ] unsigned long 
  exp1            1   45[BANK0 ] unsigned char 
  sign1           1   40[BANK0 ] unsigned char 
 Return value:  Size  Location     Type
                  4   32[BANK0 ] long 
 Registers used:
		wreg, status,2, status,0
 Tracked objects:
		On entry : 
		On exit  : 
		Unchanged: 
 Data sizes:     COMMON   BANK0   BANK1   BANK3   BANK2
      Params:         0       4       0       0       0
      Locals:         0       6       0       0       0
      Temps:          0       4       0       0       0
      Totals:         0      14       0       0       0
Total ram usage:       14 bytes
 Hardware stack levels used:    1
 This function calls:
		Nothing
 This function is called by:
		_PWM_Duty
 This function uses a non-reentrant model


 *************** function ___ftmul *****************
 Defined at:
		line 62 in file "C:\Program Files (x86)\Microchip\xc8\v1.41\sources\common\ftmul.c"
 Parameters:    Size  Location     Type
  f1              3   16[BANK0 ] float 
  f2              3   19[BANK0 ] float 
 Auto vars:     Size  Location     Type
  f3_as_produc    3   27[BANK0 ] unsigned um
  sign            1   31[BANK0 ] unsigned char 
  cntr            1   30[BANK0 ] unsigned char 
  exp             1   26[BANK0 ] unsigned char 
 Return value:  Size  Location     Type
                  3   16[BANK0 ] float 
 Registers used:
		wreg, status,2, status,0, pclath, cstack
 Tracked objects:
		On entry : 
		On exit  : 
		Unchanged: 
 Data sizes:     COMMON   BANK0   BANK1   BANK3   BANK2
      Params:         0       6       0       0       0
      Locals:         0       6       0       0       0
      Temps:          0       4       0       0       0
      Totals:         0      16       0       0       0
Total ram usage:       16 bytes
 Hardware stack levels used:    1
 Hardware stack levels required when called:    1
 This function calls:
		___ftpack
 This function is called by:
		_PWM_Duty
 This function uses a non-reentrant model


 *************** function ___ftdiv *****************
 Defined at:
		line 56 in file "C:\Program Files (x86)\Microchip\xc8\v1.41\sources\common\ftdiv.c"
 Parameters:    Size  Location     Type
  f2              3    0[BANK0 ] float 
  f1              3    3[BANK0 ] float 
 Auto vars:     Size  Location     Type
  f3              3   11[BANK0 ] float 
  sign            1   15[BANK0 ] unsigned char 
  exp             1   14[BANK0 ] unsigned char 
  cntr            1   10[BANK0 ] unsigned char 
 Return value:  Size  Location     Type
                  3    0[BANK0 ] float 
 Registers used:
		wreg, status,2, status,0, pclath, cstack
 Tracked objects:
		On entry : 
		On exit  : 
		Unchanged: 
 Data sizes:     COMMON   BANK0   BANK1   BANK3   BANK2
      Params:         0       6       0       0       0
      Locals:         0       6       0       0       0
      Temps:          0       4       0       0       0
      Totals:         0      16       0       0       0
Total ram usage:       16 bytes
 Hardware stack levels used:    1
 Hardware stack levels required when called:    1
 This function calls:
		___ftpack
 This function is called by:
		_PWM_Duty
 This function uses a non-reentrant model


 *************** function ___altoft *****************
 Defined at:
		line 42 in file "C:\Program Files (x86)\Microchip\xc8\v1.41\sources\common\altoft.c"
 Parameters:    Size  Location     Type
  c               4    6[BANK0 ] long 
 Auto vars:     Size  Location     Type
  sign            1   12[COMMON] unsigned char 
  exp             1   11[COMMON] unsigned char 
 Return value:  Size  Location     Type
                  3    6[BANK0 ] float 
 Registers used:
		wreg, status,2, status,0, pclath, cstack
 Tracked objects:
		On entry : 
		On exit  : 
		Unchanged: 
 Data sizes:     COMMON   BANK0   BANK1   BANK3   BANK2
      Params:         0       4       0       0       0
      Locals:         2       0       0       0       0
      Temps:          2       0       0       0       0
      Totals:         4       4       0       0       0
Total ram usage:        8 bytes
 Hardware stack levels used:    1
 Hardware stack levels required when called:    1
 This function calls:
		___ftpack
 This function is called by:
		_PWM_Duty
 This function uses a non-reentrant model


 *************** function ___ftpack *****************
 Defined at:
		line 62 in file "C:\Program Files (x86)\Microchip\xc8\v1.41\sources\common\float.c"
 Parameters:    Size  Location     Type
  arg             3    0[COMMON] unsigned um
  exp             1    3[COMMON] unsigned char 
  sign            1    4[COMMON] unsigned char 
 Auto vars:     Size  Location     Type
		None
 Return value:  Size  Location     Type
                  3    0[COMMON] float 
 Registers used:
		wreg, status,2, status,0
 Tracked objects:
		On entry : 
		On exit  : 
		Unchanged: 
 Data sizes:     COMMON   BANK0   BANK1   BANK3   BANK2
      Params:         5       0       0       0       0
      Locals:         0       0       0       0       0
      Temps:          3       0       0       0       0
      Totals:         8       0       0       0       0
Total ram usage:        8 bytes
 Hardware stack levels used:    1
 This function calls:
		Nothing
 This function is called by:
		___altoft
		___ftdiv
		___ftmul
		___lwtoft
 This function uses a non-reentrant model


 *************** function _ADC_Read *****************
 Defined at:
		line 251 in file "main.c"
 Parameters:    Size  Location     Type
  channel         1    wreg     unsigned char 
 Auto vars:     Size  Location     Type
  channel         1    4[COMMON] unsigned char 
 Return value:  Size  Location     Type
                  2    0[COMMON] unsigned int 
 Registers used:
		wreg, status,2, status,0
 Tracked objects:
		On entry : 
		On exit  : 
		Unchanged: 
 Data sizes:     COMMON   BANK0   BANK1   BANK3   BANK2
      Params:         2       0       0       0       0
      Locals:         1       0       0       0       0
      Temps:          2       0       0       0       0
      Totals:         5       0       0       0       0
Total ram usage:        5 bytes
 Hardware stack levels used:    1
 This function calls:
		Nothing
 This function is called by:
		_llenadoAgua
		_SacaraAgua
 This function uses a non-reentrant model


 *************** function _MensajeFinalizado *****************
 Defined at:
		line 159 in file "main.c"
 Parameters:    Size  Location     Type
		None
 Auto vars:     Size  Location     Type
  i               2   12[COMMON] int 
 Return value:  Size  Location     Type
                  1    wreg      void 
 Registers used:
		wreg, fsr0l, fsr0h, status,2, status,0, btemp+1, pclath, cstack
 Tracked objects:
		On entry : 
		On exit  : 
		Unchanged: 
 Data sizes:     COMMON   BANK0   BANK1   BANK3   BANK2
      Params:         0       0       0       0       0
      Locals:         2       0       0       0       0
      Temps:          3       0       0       0       0
      Totals:         5       0       0       0       0
Total ram usage:        5 bytes
 Hardware stack levels used:    1
 Hardware stack levels required when called:    2
 This function calls:
		_Lcd_Command
		_Lcd_Text
 This function is called by:
		_lavadoNormal
 This function uses a non-reentrant model


 *************** function _Puerta *****************
 Defined at:
		line 188 in file "main.c"
 Parameters:    Size  Location     Type
  op              2    0[COMMON] int 
 Auto vars:     Size  Location     Type
		None
 Return value:  Size  Location     Type
                  1    wreg      void 
 Registers used:
		wreg, status,2, status,0
 Tracked objects:
		On entry : 
		On exit  : 
		Unchanged: 
 Data sizes:     COMMON   BANK0   BANK1   BANK3   BANK2
      Params:         2       0       0       0       0
      Locals:         0       0       0       0       0
      Temps:          0       0       0       0       0
      Totals:         2       0       0       0       0
Total ram usage:        2 bytes
 Hardware stack levels used:    1
 This function calls:
		Nothing
 This function is called by:
		_main
 This function uses a non-reentrant model


 *************** function _PWM_Initialize *****************
 Defined at:
		line 261 in file "main.c"
 Parameters:    Size  Location     Type
		None
 Auto vars:     Size  Location     Type
		None
 Return value:  Size  Location     Type
                  1    wreg      void 
 Registers used:
		wreg, status,2, status,0, pclath, cstack
 Tracked objects:
		On entry : 
		On exit  : 
		Unchanged: 
 Data sizes:     COMMON   BANK0   BANK1   BANK3   BANK2
      Params:         0       0       0       0       0
      Locals:         0       0       0       0       0
      Temps:          4       0       0       0       0
      Totals:         4       0       0       0       0
Total ram usage:        4 bytes
 Hardware stack levels used:    1
 Hardware stack levels required when called:    1
 This function calls:
		___aldiv
 This function is called by:
		_main
 This function uses a non-reentrant model


 *************** function ___aldiv *****************
 Defined at:
		line 6 in file "C:\Program Files (x86)\Microchip\xc8\v1.41\sources\common\aldiv.c"
 Parameters:    Size  Location     Type
  divisor         4    0[COMMON] long 
  dividend        4    4[COMMON] long 
 Auto vars:     Size  Location     Type
  quotient        4    2[BANK0 ] long 
  sign            1    1[BANK0 ] unsigned char 
  counter         1    0[BANK0 ] unsigned char 
 Return value:  Size  Location     Type
                  4    0[COMMON] long 
 Registers used:
		wreg, status,2, status,0
 Tracked objects:
		On entry : 
		On exit  : 
		Unchanged: 
 Data sizes:     COMMON   BANK0   BANK1   BANK3   BANK2
      Params:         8       0       0       0       0
      Locals:         0       6       0       0       0
      Temps:          1       0       0       0       0
      Totals:         9       6       0       0       0
Total ram usage:       15 bytes
 Hardware stack levels used:    1
 This function calls:
		Nothing
 This function is called by:
		_PWM_Initialize
		_PWM_Duty
 This function uses a non-reentrant model


 *************** function _Lcd_Init *****************
 Defined at:
		line 17 in file "lcd_hd44780.c"
 Parameters:    Size  Location     Type
		None
 Auto vars:     Size  Location     Type
  data            1    5[COMMON] unsigned char 
 Return value:  Size  Location     Type
                  1    wreg      void 
 Registers used:
		wreg, status,2, status,0, pclath, cstack
 Tracked objects:
		On entry : 
		On exit  : 
		Unchanged: 
 Data sizes:     COMMON   BANK0   BANK1   BANK3   BANK2
      Params:         0       0       0       0       0
      Locals:         1       0       0       0       0
      Temps:          2       0       0       0       0
      Totals:         3       0       0       0       0
Total ram usage:        3 bytes
 Hardware stack levels used:    1
 Hardware stack levels required when called:    1
 This function calls:
		_Lcd_Command
 This function is called by:
		_main
 This function uses a non-reentrant model


 *************** function _ImprimirMenuPrincipal *****************
 Defined at:
		line 323 in file "main.c"
 Parameters:    Size  Location     Type
  casilla         2    9[COMMON] int 
 Auto vars:     Size  Location     Type
		None
 Return value:  Size  Location     Type
                  1    wreg      void 
 Registers used:
		wreg, fsr0l, fsr0h, status,2, status,0, btemp+1, pclath, cstack
 Tracked objects:
		On entry : 
		On exit  : 
		Unchanged: 
 Data sizes:     COMMON   BANK0   BANK1   BANK3   BANK2
      Params:         2       0       0       0       0
      Locals:         0       0       0       0       0
      Temps:          0       0       0       0       0
      Totals:         2       0       0       0       0
Total ram usage:        2 bytes
 Hardware stack levels used:    1
 Hardware stack levels required when called:    2
 This function calls:
		_Lcd_Command
		_Lcd_Text
 This function is called by:
		_main
 This function uses a non-reentrant model


 *************** function _ImprimirMenuLavado *****************
 Defined at:
		line 307 in file "main.c"
 Parameters:    Size  Location     Type
  casilla         2   20[BANK0 ] int 
 Auto vars:     Size  Location     Type
		None
 Return value:  Size  Location     Type
                  1    wreg      void 
 Registers used:
		wreg, fsr0l, fsr0h, status,2, status,0, btemp+1, pclath, cstack
 Tracked objects:
		On entry : 
		On exit  : 
		Unchanged: 
 Data sizes:     COMMON   BANK0   BANK1   BANK3   BANK2
      Params:         0       2       0       0       0
      Locals:         0       0       0       0       0
      Temps:          0       0       0       0       0
      Totals:         0       2       0       0       0
Total ram usage:        2 bytes
 Hardware stack levels used:    1
 Hardware stack levels required when called:    2
 This function calls:
		_Lcd_Command
		_Lcd_Text
		_sprintf
 This function is called by:
		_main
 This function uses a non-reentrant model


 *************** function _sprintf *****************
 Defined at:
		line 492 in file "C:\Program Files (x86)\Microchip\xc8\v1.41\sources\common\doprnt.c"
 Parameters:    Size  Location     Type
  sp              1    wreg     PTR unsigned char 
		 -> aux(20), 
  f               2    2[BANK0 ] PTR const unsigned char 
		 -> STR_12(11), STR_8(17), STR_7(17), 
 Auto vars:     Size  Location     Type
  sp              1   18[BANK0 ] PTR unsigned char 
		 -> aux(20), 
  tmpval          4    0        struct .
  val             2   16[BANK0 ] unsigned int 
  cp              2    0        PTR const unsigned char 
  len             2    0        unsigned int 
  c               1   19[BANK0 ] char 
  prec            1   15[BANK0 ] char 
  flag            1   14[BANK0 ] unsigned char 
  ap              1   13[BANK0 ] PTR void [1]
		 -> ?_sprintf(2), 
 Return value:  Size  Location     Type
                  2    2[BANK0 ] int 
 Registers used:
		wreg, fsr0l, fsr0h, status,2, status,0, btemp+1, pclath, cstack
 Tracked objects:
		On entry : 
		On exit  : 
		Unchanged: 
 Data sizes:     COMMON   BANK0   BANK1   BANK3   BANK2
      Params:         0       8       0       0       0
      Locals:         0       7       0       0       0
      Temps:          0       3       0       0       0
      Totals:         0      18       0       0       0
Total ram usage:       18 bytes
 Hardware stack levels used:    1
 Hardware stack levels required when called:    1
 This function calls:
		___lwdiv
		___lwmod
 This function is called by:
		_reversa
		_normal
		_ImprimirMenuLavado
 This function uses a non-reentrant model


 *************** function ___lwmod *****************
 Defined at:
		line 6 in file "C:\Program Files (x86)\Microchip\xc8\v1.41\sources\common\lwmod.c"
 Parameters:    Size  Location     Type
  divisor         2    8[COMMON] unsigned int 
  dividend        2   10[COMMON] unsigned int 
 Auto vars:     Size  Location     Type
  counter         1   13[COMMON] unsigned char 
 Return value:  Size  Location     Type
                  2    8[COMMON] unsigned int 
 Registers used:
		wreg, status,2, status,0
 Tracked objects:
		On entry : 
		On exit  : 
		Unchanged: 
 Data sizes:     COMMON   BANK0   BANK1   BANK3   BANK2
      Params:         4       0       0       0       0
      Locals:         1       0       0       0       0
      Temps:          1       0       0       0       0
      Totals:         6       0       0       0       0
Total ram usage:        6 bytes
 Hardware stack levels used:    1
 This function calls:
		Nothing
 This function is called by:
		_sprintf
 This function uses a non-reentrant model


 *************** function ___lwdiv *****************
 Defined at:
		line 6 in file "C:\Program Files (x86)\Microchip\xc8\v1.41\sources\common\lwdiv.c"
 Parameters:    Size  Location     Type
  divisor         2    0[COMMON] unsigned int 
  dividend        2    2[COMMON] unsigned int 
 Auto vars:     Size  Location     Type
  quotient        2    5[COMMON] unsigned int 
  counter         1    7[COMMON] unsigned char 
 Return value:  Size  Location     Type
                  2    0[COMMON] unsigned int 
 Registers used:
		wreg, status,2, status,0
 Tracked objects:
		On entry : 
		On exit  : 
		Unchanged: 
 Data sizes:     COMMON   BANK0   BANK1   BANK3   BANK2
      Params:         4       0       0       0       0
      Locals:         3       0       0       0       0
      Temps:          1       0       0       0       0
      Totals:         8       0       0       0       0
Total ram usage:        8 bytes
 Hardware stack levels used:    1
 This function calls:
		Nothing
 This function is called by:
		_sprintf
 This function uses a non-reentrant model


 *************** function _Lcd_Text *****************
 Defined at:
		line 74 in file "lcd_hd44780.c"
 Parameters:    Size  Location     Type
  y               1    wreg     unsigned char 
  x               1    3[COMMON] unsigned char 
  buffer          2    4[COMMON] PTR unsigned char 
		 -> STR_38(11), STR_37(16), STR_36(13), STR_35(14), 
		 -> STR_34(17), STR_33(13), STR_32(14), STR_31(14), 
		 -> STR_30(16), STR_29(14), STR_28(14), STR_27(14), 
		 -> STR_26(16), STR_25(13), STR_24(15), STR_23(14), 
		 -> STR_22(16), STR_21(13), STR_20(14), STR_19(15), 
		 -> STR_18(7), STR_17(8), STR_16(15), STR_15(6), 
		 -> STR_14(9), STR_13(15), STR_11(22), STR_10(23), 
		 -> STR_9(23), aux(20), STR_6(21), STR_5(21), 
		 -> STR_4(11), STR_3(21), STR_2(9), STR_1(20), 
 Auto vars:     Size  Location     Type
  y               1    7[COMMON] unsigned char 
  data            1    8[COMMON] unsigned char 
 Return value:  Size  Location     Type
                  1    wreg      void 
 Registers used:
		wreg, fsr0l, fsr0h, status,2, status,0, btemp+1, pclath, cstack
 Tracked objects:
		On entry : 
		On exit  : 
		Unchanged: 
 Data sizes:     COMMON   BANK0   BANK1   BANK3   BANK2
      Params:         3       0       0       0       0
      Locals:         2       0       0       0       0
      Temps:          1       0       0       0       0
      Totals:         6       0       0       0       0
Total ram usage:        6 bytes
 Hardware stack levels used:    1
 Hardware stack levels required when called:    1
 This function calls:
		_Lcd_CharCP
		_Lcd_Command
 This function is called by:
		_main
		_lavadoNormal
		_MensajeFinalizado
		_reversa
		_normal
		_llenadoAgua
		_SacaraAgua
		_ImprimirMenuLavado
		_ImprimirMenuPrincipal
 This function uses a non-reentrant model


 *************** function _Lcd_Command *****************
 Defined at:
		line 130 in file "lcd_hd44780.c"
 Parameters:    Size  Location     Type
  command         1    wreg     unsigned char 
 Auto vars:     Size  Location     Type
  command         1    2[COMMON] unsigned char 
 Return value:  Size  Location     Type
                  1    wreg      void 
 Registers used:
		wreg, status,2, status,0
 Tracked objects:
		On entry : 
		On exit  : 
		Unchanged: 
 Data sizes:     COMMON   BANK0   BANK1   BANK3   BANK2
      Params:         0       0       0       0       0
      Locals:         1       0       0       0       0
      Temps:          2       0       0       0       0
      Totals:         3       0       0       0       0
Total ram usage:        3 bytes
 Hardware stack levels used:    1
 This function calls:
		Nothing
 This function is called by:
		_Lcd_Init
		_Lcd_Text
		_main
		_lavadoNormal
		_MensajeFinalizado
		_llenadoAgua
		_SacaraAgua
		_ImprimirMenuLavado
		_ImprimirMenuPrincipal
		_Lcd_ConstText
		_Lcd_WriteChar
 This function uses a non-reentrant model


 *************** function _Lcd_CharCP *****************
 Defined at:
		line 113 in file "lcd_hd44780.c"
 Parameters:    Size  Location     Type
  c               1    wreg     unsigned char 
 Auto vars:     Size  Location     Type
  c               1    2[COMMON] unsigned char 
 Return value:  Size  Location     Type
                  1    wreg      void 
 Registers used:
		wreg, status,2, status,0
 Tracked objects:
		On entry : 
		On exit  : 
		Unchanged: 
 Data sizes:     COMMON   BANK0   BANK1   BANK3   BANK2
      Params:         0       0       0       0       0
      Locals:         1       0       0       0       0
      Temps:          2       0       0       0       0
      Totals:         3       0       0       0       0
Total ram usage:        3 bytes
 Hardware stack levels used:    1
 This function calls:
		Nothing
 This function is called by:
		_Lcd_Text
		_Lcd_ConstText
		_Lcd_WriteChar
 This function uses a non-reentrant model


 *************** function _Digital_Initialize *****************
 Defined at:
		line 208 in file "main.c"
 Parameters:    Size  Location     Type
		None
 Auto vars:     Size  Location     Type
		None
 Return value:  Size  Location     Type
                  1    wreg      void 
 Registers used:
		None
 Tracked objects:
		On entry : 
		On exit  : 
		Unchanged: 
 Data sizes:     COMMON   BANK0   BANK1   BANK3   BANK2
      Params:         0       0       0       0       0
      Locals:         0       0       0       0       0
      Temps:          0       0       0       0       0
      Totals:         0       0       0       0       0
Total ram usage:        0 bytes
 Hardware stack levels used:    1
 This function calls:
		Nothing
 This function is called by:
		_main
 This function uses a non-reentrant model


 *************** function _ADC_Initialize *****************
 Defined at:
		line 244 in file "main.c"
 Parameters:    Size  Location     Type
		None
 Auto vars:     Size  Location     Type
		None
 Return value:  Size  Location     Type
                  1    wreg      void 
 Registers used:
		None
 Tracked objects:
		On entry : 
		On exit  : 
		Unchanged: 
 Data sizes:     COMMON   BANK0   BANK1   BANK3   BANK2
      Params:         0       0       0       0       0
      Locals:         0       0       0       0       0
      Temps:          0       0       0       0       0
      Totals:         0       0       0       0       0
Total ram usage:        0 bytes
 Hardware stack levels used:    1
 This function calls:
		Nothing
 This function is called by:
		_main
 This function uses a non-reentrant model



MODULE INFORMATION

Module		Function		Class		Link	Load	Size
C:\Program Files (x86)\Microchip\xc8\v1.41\sources\common\lwdiv.c
		___lwdiv       		CODE           	0979	0000	61

C:\Program Files (x86)\Microchip\xc8\v1.41\sources\common\lwdiv.c estimated size: 61

C:\Program Files (x86)\Microchip\xc8\v1.41\sources\common\awdiv.c
		___awdiv       		CODE           	0AD4	0000	90

C:\Program Files (x86)\Microchip\xc8\v1.41\sources\common\awdiv.c estimated size: 90

C:\Program Files (x86)\Microchip\xc8\v1.41\sources\common\aldiv.c
		___aldiv       		CODE           	0E29	0000	144

C:\Program Files (x86)\Microchip\xc8\v1.41\sources\common\aldiv.c estimated size: 144

C:\Program Files (x86)\Microchip\xc8\v1.41\sources\common\doprnt.c
		_sprintf       		CODE           	0305	0000	233

C:\Program Files (x86)\Microchip\xc8\v1.41\sources\common\doprnt.c estimated size: 233

C:\Program Files (x86)\Microchip\xc8\v1.41\sources\common\fttol.c
		___fttol       		CODE           	0D9B	0000	143

C:\Program Files (x86)\Microchip\xc8\v1.41\sources\common\fttol.c estimated size: 143

C:\Program Files (x86)\Microchip\xc8\v1.41\sources\common\Umul16.c
		___wmul        		CODE           	1757	0000	40

C:\Program Files (x86)\Microchip\xc8\v1.41\sources\common\Umul16.c estimated size: 40

lcd_hd44780.c
		_Lcd_Init      		CODE           	0173	0000	192
		_Lcd_Command   		CODE           	0EB8	0000	163
		_Lcd_Text      		CODE           	0A3D	0000	73
		_Lcd_CharCP    		CODE           	0F5A	0000	167

lcd_hd44780.c estimated size: 595

C:\Program Files (x86)\Microchip\xc8\v1.41\sources\common\float.c
		___ftpack      		CODE           	0B2D	0000	109

C:\Program Files (x86)\Microchip\xc8\v1.41\sources\common\float.c estimated size: 109

shared
		__stringtab    		STRCODE        	0800	0000	19
		_dpowers       		STRCODE        	0812	0000	11
		__initialization		CODE           	07D5	0000	40

shared estimated size: 70

C:\Program Files (x86)\Microchip\xc8\v1.41\sources\common\lwmod.c
		___lwmod       		CODE           	17CE	0000	51

C:\Program Files (x86)\Microchip\xc8\v1.41\sources\common\lwmod.c estimated size: 51

C:\Program Files (x86)\Microchip\xc8\v1.41\sources\common\altoft.c
		___altoft      		CODE           	09B5	0000	67

C:\Program Files (x86)\Microchip\xc8\v1.41\sources\common\altoft.c estimated size: 67

C:\Program Files (x86)\Microchip\xc8\v1.41\sources\common\ftmul.c
		___ftmul       		CODE           	0232	0000	212

C:\Program Files (x86)\Microchip\xc8\v1.41\sources\common\ftmul.c estimated size: 212

C:\Program Files (x86)\Microchip\xc8\v1.41\sources\common\lwtoft.c
		___lwtoft      		CODE           	1743	0000	21

C:\Program Files (x86)\Microchip\xc8\v1.41\sources\common\lwtoft.c estimated size: 21

main.c
		_PWM_Duty      		CODE           	0012	0000	170
		_reversa       		CODE           	0C14	0000	124
		_ImprimirMenuLavado		CODE           	0D13	0000	137
		_PWM_Initialize		CODE           	0A85	0000	80
		_ADC_Initialize		CODE           	0009	0000	10
		_main          		CODE           	0635	0000	417
		_SacaraAgua    		CODE           	0C8F	0000	133
		_MensajeFinalizado		CODE           	09F7	0000	71
		_Digital_Initialize		CODE           	094E	0000	44
		_normal        		CODE           	0B99	0000	124
		_ImprimirMenuPrincipal		CODE           	03ED	0000	289
		_llenadoAgua   		CODE           	177E	0000	40
		_lavadoNormal  		CODE           	050D	0000	297
		_ADC_Read      		CODE           	17A5	0000	42
		_Puerta        		CODE           	1731	0000	19

main.c estimated size: 1997

C:\Program Files (x86)\Microchip\xc8\v1.41\sources\common\ftdiv.c
		___ftdiv       		CODE           	00BB	0000	185

C:\Program Files (x86)\Microchip\xc8\v1.41\sources\common\ftdiv.c estimated size: 185

